95.72.183.31 - - [04/May/2015:11:49:54 +0000] "GET /doku.php HTTP/1.1" 200 6909 "-" "Mozilla/5.0 (X11; FreeBSD amd64; rv:33.0) Gecko/20100101 Firefox/33.0"
95.72.183.31 - - [04/May/2015:11:49:55 +0000] "GET /lib/exe/css.php?t=dokubook&tseed=1404756442 HTTP/1.1" 304 0 "http://www.algebraical.info/doku.php" "Mozilla/5.0 (X11; FreeBSD amd64; rv:33.0) Gecko/20100101 Firefox/33.0"
95.72.183.31 - - [04/May/2015:11:49:55 +0000] "GET /lib/exe/js.php?tseed=1404756442 HTTP/1.1" 304 0 "http://www.algebraical.info/doku.php" "Mozilla/5.0 (X11; FreeBSD amd64; rv:33.0) Gecko/20100101 Firefox/33.0"
95.72.183.31 - - [04/May/2015:11:49:55 +0000] "GET /lib/tpl/dokubook/images/algebraical-logo.png HTTP/1.1" 304 0 "http://www.algebraical.info/doku.php" "Mozilla/5.0 (X11; FreeBSD amd64; rv:33.0) Gecko/20100101 Firefox/33.0"
95.72.183.31 - - [04/May/2015:11:49:55 +0000] "GET /lib/tpl/dokubook/images/algebraical-transparent.png HTTP/1.1" 304 0 "http://www.algebraical.info/doku.php" "Mozilla/5.0 (X11; FreeBSD amd64; rv:33.0) Gecko/20100101 Firefox/33.0"
95.72.183.31 - - [04/May/2015:11:49:55 +0000] "GET /lib/images/license/button/cc-by-nc-sa.png HTTP/1.1" 304 0 "http://www.algebraical.info/doku.php" "Mozilla/5.0 (X11; FreeBSD amd64; rv:33.0) Gecko/20100101 Firefox/33.0"
95.72.183.31 - - [04/May/2015:11:49:55 +0000] "GET /lib/tpl/dokubook/images/button-chimeric-de.png HTTP/1.1" 304 0 "http://www.algebraical.info/doku.php" "Mozilla/5.0 (X11; FreeBSD amd64; rv:33.0) Gecko/20100101 Firefox/33.0"
95.72.183.31 - - [04/May/2015:11:49:55 +0000] "GET /lib/tpl/dokubook/images/button-css.png HTTP/1.1" 304 0 "http://www.algebraical.info/doku.php" "Mozilla/5.0 (X11; FreeBSD amd64; rv:33.0) Gecko/20100101 Firefox/33.0"
95.72.183.31 - - [04/May/2015:11:49:55 +0000] "GET /lib/tpl/dokubook/images/button-dw.png HTTP/1.1" 304 0 "http://www.algebraical.info/doku.php" "Mozilla/5.0 (X11; FreeBSD amd64; rv:33.0) Gecko/20100101 Firefox/33.0"
95.72.183.31 - - [04/May/2015:11:49:55 +0000] "GET /lib/tpl/dokubook/images/button-firefox.png HTTP/1.1" 304 0 "http://www.algebraical.info/doku.php" "Mozilla/5.0 (X11; FreeBSD amd64; rv:33.0) Gecko/20100101 Firefox/33.0"
95.72.183.31 - - [04/May/2015:11:49:55 +0000] "GET /lib/tpl/dokubook/images/button-rss.png HTTP/1.1" 304 0 "http://www.algebraical.info/doku.php" "Mozilla/5.0 (X11; FreeBSD amd64; rv:33.0) Gecko/20100101 Firefox/33.0"
95.72.183.31 - - [04/May/2015:11:49:55 +0000] "GET /lib/tpl/dokubook/images/button-xhtml.png HTTP/1.1" 304 0 "http://www.algebraical.info/doku.php" "Mozilla/5.0 (X11; FreeBSD amd64; rv:33.0) Gecko/20100101 Firefox/33.0"
95.72.183.31 - - [04/May/2015:11:49:55 +0000] "GET /lib/tpl/dokubook/images/dwbg.jpg HTTP/1.1" 304 0 "http://www.algebraical.info/lib/exe/css.php?t=dokubook&tseed=1404756442" "Mozilla/5.0 (X11; FreeBSD amd64; rv:33.0) Gecko/20100101 Firefox/33.0"
95.72.183.31 - - [04/May/2015:11:49:55 +0000] "GET /lib/tpl/dokubook/images/buttonshadow.png HTTP/1.1" 304 0 "http://www.algebraical.info/lib/exe/css.php?t=dokubook&tseed=1404756442" "Mozilla/5.0 (X11; FreeBSD amd64; rv:33.0) Gecko/20100101 Firefox/33.0"
95.72.183.31 - - [04/May/2015:11:49:55 +0000] "GET /lib/tpl/dokubook/images/tool-edit.png HTTP/1.1" 304 0 "http://www.algebraical.info/lib/exe/css.php?t=dokubook&tseed=1404756442" "Mozilla/5.0 (X11; FreeBSD amd64; rv:33.0) Gecko/20100101 Firefox/33.0"
95.72.183.31 - - [04/May/2015:11:49:55 +0000] "GET /lib/tpl/dokubook/images/tool-revisions.png HTTP/1.1" 304 0 "http://www.algebraical.info/lib/exe/css.php?t=dokubook&tseed=1404756442" "Mozilla/5.0 (X11; FreeBSD amd64; rv:33.0) Gecko/20100101 Firefox/33.0"
95.72.183.31 - - [04/May/2015:11:49:55 +0000] "GET /lib/tpl/dokubook/images/tool-subscribe.png HTTP/1.1" 304 0 "http://www.algebraical.info/lib/exe/css.php?t=dokubook&tseed=1404756442" "Mozilla/5.0 (X11; FreeBSD amd64; rv:33.0) Gecko/20100101 Firefox/33.0"
95.72.183.31 - - [04/May/2015:11:49:55 +0000] "GET /lib/tpl/dokubook/images/tocdot2.gif HTTP/1.1" 304 0 "http://www.algebraical.info/lib/exe/css.php?t=dokubook&tseed=1404756442" "Mozilla/5.0 (X11; FreeBSD amd64; rv:33.0) Gecko/20100101 Firefox/33.0"
95.72.183.31 - - [04/May/2015:11:49:55 +0000] "GET /lib/tpl/dokubook/images/mail_icon.gif HTTP/1.1" 304 0 "http://www.algebraical.info/lib/exe/css.php?t=dokubook&tseed=1404756442" "Mozilla/5.0 (X11; FreeBSD amd64; rv:33.0) Gecko/20100101 Firefox/33.0"
95.72.183.31 - - [04/May/2015:11:49:55 +0000] "GET /lib/tpl/dokubook/images/inputshadow.png HTTP/1.1" 304 0 "http://www.algebraical.info/lib/exe/css.php?t=dokubook&tseed=1404756442" "Mozilla/5.0 (X11; FreeBSD amd64; rv:33.0) Gecko/20100101 Firefox/33.0"
95.72.183.31 - - [04/May/2015:11:49:55 +0000] "GET /lib/tpl/dokubook/images/tool-admin.png HTTP/1.1" 304 0 "http://www.algebraical.info/lib/exe/css.php?t=dokubook&tseed=1404756442" "Mozilla/5.0 (X11; FreeBSD amd64; rv:33.0) Gecko/20100101 Firefox/33.0"
95.72.183.31 - - [04/May/2015:11:49:55 +0000] "GET /lib/tpl/dokubook/images/tool-index.png HTTP/1.1" 304 0 "http://www.algebraical.info/lib/exe/css.php?t=dokubook&tseed=1404756442" "Mozilla/5.0 (X11; FreeBSD amd64; rv:33.0) Gecko/20100101 Firefox/33.0"
95.72.183.31 - - [04/May/2015:11:49:55 +0000] "GET /lib/images/mediamanager.png HTTP/1.1" 304 0 "http://www.algebraical.info/lib/exe/css.php?t=dokubook&tseed=1404756442" "Mozilla/5.0 (X11; FreeBSD amd64; rv:33.0) Gecko/20100101 Firefox/33.0"
95.72.183.31 - - [04/May/2015:11:49:55 +0000] "GET /lib/tpl/dokubook/images/tool-recent.png HTTP/1.1" 304 0 "http://www.algebraical.info/lib/exe/css.php?t=dokubook&tseed=1404756442" "Mozilla/5.0 (X11; FreeBSD amd64; rv:33.0) Gecko/20100101 Firefox/33.0"
95.72.183.31 - - [04/May/2015:11:49:55 +0000] "GET /lib/tpl/dokubook/images/tool-backlink.png HTTP/1.1" 304 0 "http://www.algebraical.info/lib/exe/css.php?t=dokubook&tseed=1404756442" "Mozilla/5.0 (X11; FreeBSD amd64; rv:33.0) Gecko/20100101 Firefox/33.0"
95.72.183.31 - - [04/May/2015:11:49:55 +0000] "GET /lib/tpl/dokubook/images/tool-profile.png HTTP/1.1" 304 0 "http://www.algebraical.info/lib/exe/css.php?t=dokubook&tseed=1404756442" "Mozilla/5.0 (X11; FreeBSD amd64; rv:33.0) Gecko/20100101 Firefox/33.0"
95.72.183.31 - - [04/May/2015:11:49:55 +0000] "GET /lib/tpl/dokubook/images/tool-logout.png HTTP/1.1" 304 0 "http://www.algebraical.info/lib/exe/css.php?t=dokubook&tseed=1404756442" "Mozilla/5.0 (X11; FreeBSD amd64; rv:33.0) Gecko/20100101 Firefox/33.0"
95.72.183.31 - - [04/May/2015:11:49:55 +0000] "GET /lib/exe/indexer.php?id=start&1430740194 HTTP/1.1" 200 42 "http://www.algebraical.info/doku.php" "Mozilla/5.0 (X11; FreeBSD amd64; rv:33.0) Gecko/20100101 Firefox/33.0"
66.249.67.96 - - [04/May/2015:11:49:56 +0000] "GET /robots.txt HTTP/1.1" 200 109 "-" "Mozilla/5.0 (compatible; Googlebot/2.1; +http://www.google.com/bot.html)"
66.249.67.96 - - [04/May/2015:11:49:56 +0000] "GET /doku.php?id=start&do=sitemap HTTP/1.1" 200 4747 "-" "Mozilla/5.0 (compatible; Googlebot/2.1; +http://www.google.com/bot.html)"
46.229.164.111 - - [04/May/2015:11:50:20 +0000] "GET /doku.php?do=media&id=solved&ns=fromauthors&tab_files=files HTTP/1.1" 200 6108 "-" "Mozilla/5.0 (compatible; SemrushBot/0.98~bl; +http://www.semrush.com/bot.html)"
46.229.164.114 - - [04/May/2015:11:50:36 +0000] "GET /doku.php?id=start&idx=person%3Amobius HTTP/1.1" 200 6932 "-" "Mozilla/5.0 (compatible; SemrushBot/0.98~bl; +http://www.semrush.com/bot.html)"
94.23.163.2 - - [04/May/2015:11:50:38 +0000] "GET /doku.php?id=wiki%3adokuwiki HTTP/1.1" 200 7164 "http://www.algebraical.info/" "Mozilla/5.0 (Windows NT 6.1) AppleWebKit/537.36 (KHTML, like Gecko) Chrome/39.0.2171.95 Safari/537.36"
66.249.67.88 - - [04/May/2015:11:50:39 +0000] "GET /doku.php?id=glossary:ring:artinian HTTP/1.1" 200 9876 "-" "Mozilla/5.0 (compatible; Googlebot/2.1; +http://www.google.com/bot.html)"
104.247.21.172 - - [04/May/2015:11:50:40 +0000] "GET /doku.php?id=wiki:dokuwiki&do=login&sectok=6ea4a85f719d045c7feb7310de9210b2 HTTP/1.0" 200 5678 "http://www.algebraical.info/" "Mozilla/5.0 (Windows NT 6.1) AppleWebKit/537.36 (KHTML, like Gecko) Chrome/39.0.2171.95 Safari/537.36"
104.247.21.172 - - [04/May/2015:11:50:42 +0000] "GET /doku.php?do=register HTTP/1.1" 200 6542 "http://www.algebraical.info/doku.php?id=wiki:dokuwiki&do=login&sectok=6ea4a85f719d045c7feb7310de9210b2" "Mozilla/5.0 (Windows NT 6.1) AppleWebKit/537.36 (KHTML, like Gecko) Chrome/39.0.2171.95 Safari/537.36"
192.161.185.83 - - [04/May/2015:11:50:43 +0000] "GET /doku.php?id=wiki%3asyntax/RK=0/RS=8vaTqF9i4voie4vAWZ4Aes0jYSc- HTTP/1.1" 200 5484 "http://www.algebraic.ru/" "Mozilla/4.0 (compatible; MSIE 8.0; Windows NT 6.0; Trident/4.0; Mozilla/4.0 (compatible; MSIE 6.0; Windows NT 5.1; SV1) ; .NET CLR 3.5.30729)"
46.229.164.114 - - [04/May/2015:11:50:57 +0000] "GET /doku.php?do=login&id=tag:%D0%B3%D0%BE%D0%BC%D0%BE%D0%BC%D0%BE%D1%80%D1%84%D0%B8%D0%B7%D0%BC-%D0%BC%D0%BE%D0%B4%D1%83%D0%BB%D0%B5%D0%B9&sectok=df6f1c0657bc313ae72abfc84823cbdf HTTP/1.1" 200 5727 "-" "Mozilla/5.0 (compatible; SemrushBot/0.98~bl; +http://www.semrush.com/bot.html)"
93.127.158.122 - - [04/May/2015:11:51:25 +0000] "GET /doku.php?id=wiki%3adokuwiki HTTP/1.1" 200 7158 "-" "Mozilla/5.0 (Windows NT 6.1) AppleWebKit/537.36 (KHTML, like Gecko) Chrome/39.0.2171.95 Safari/537.36"
46.229.164.99 - - [04/May/2015:11:51:56 +0000] "GET /doku.php?do=login&id=glossary:category:functor&sectok=5ca0f5bd3ea0ca2e20db1060d923216e HTTP/1.1" 200 5736 "-" "Mozilla/5.0 (compatible; SemrushBot/0.98~bl; +http://www.semrush.com/bot.html)"
222.45.196.17 - - [04/May/2015:11:52:11 +0000] "GET /doku.php?id=wiki%3asyntax HTTP/1.1" 200 72026 "http://www.algebraical.info/" "Mozilla/5.0 (Windows NT 6.1) AppleWebKit/537.36 (KHTML, like Gecko) Chrome/39.0.2171.95 Safari/537.36"
46.229.164.114 - - [04/May/2015:11:53:18 +0000] "GET /doku.php?do=index&id=glossary:algebra:lie:solvable HTTP/1.1" 200 6903 "-" "Mozilla/5.0 (compatible; SemrushBot/0.98~bl; +http://www.semrush.com/bot.html)"
155.133.19.224 - - [04/May/2015:11:54:16 +0000] "GET /doku.php?id=wiki%3asyntax HTTP/1.1" 200 16558 "http://www.algebraical.info/" "Mozilla/5.0 (Windows NT 6.1) AppleWebKit/537.36 (KHTML, like Gecko) Chrome/39.0.2171.95 Safari/537.36"
66.249.67.80 - - [04/May/2015:11:54:33 +0000] "GET /doku.php?id=start HTTP/1.1" 200 6521 "-" "Mozilla/5.0 (compatible; Googlebot/2.1; +http://www.google.com/bot.html)"
46.229.164.99 - - [04/May/2015:11:54:40 +0000] "GET /doku.php?do=revisions&id=glossary:dependent:linear HTTP/1.1" 200 5731 "-" "Mozilla/5.0 (compatible; SemrushBot/0.98~bl; +http://www.semrush.com/bot.html)"
66.249.67.96 - - [04/May/2015:11:54:52 +0000] "GET /doku.php?id=theory:homology HTTP/1.1" 200 6031 "-" "Mozilla/5.0 (compatible; Googlebot/2.1; +http://www.google.com/bot.html)"
66.249.67.80 - - [04/May/2015:11:55:10 +0000] "GET /doku.php?id=mathematics:advanced HTTP/1.1" 200 5868 "-" "Mozilla/5.0 (compatible; Googlebot/2.1; +http://www.google.com/bot.html)"
76.181.189.174 - - [04/May/2015:11:55:16 +0000] "GET /doku.php?id=glossary:set:algebra HTTP/1.1" 200 7939 "http://www.algebraical.info/" "Mozilla/5.0 (Windows NT 6.1) AppleWebKit/537.36 (KHTML, like Gecko) Chrome/39.0.2171.95 Safari/537.36"
66.249.67.96 - - [04/May/2015:11:55:35 +0000] "GET /doku.php?id=theory:algebra:linear HTTP/1.1" 200 7552 "-" "Mozilla/5.0 (compatible; Googlebot/2.1; +http://www.google.com/bot.html)"
77.85.253.244 - - [04/May/2015:11:56:10 +0000] "GET /doku.php?id=wiki:syntax HTTP/1.1" 200 16559 "http://www.algebraical.info/" "Mozilla/5.0 (Windows NT 6.1) AppleWebKit/537.36 (KHTML, like Gecko) Chrome/39.0.2171.95 Safari/537.36"
46.229.164.99 - - [04/May/2015:11:56:13 +0000] "GET /doku.php?do=revisions&id=glossary:set:integer HTTP/1.1" 200 5739 "-" "Mozilla/5.0 (compatible; SemrushBot/0.98~bl; +http://www.semrush.com/bot.html)"
66.249.67.96 - - [04/May/2015:11:56:15 +0000] "GET /doku.php?id=theory:geometry:analytic HTTP/1.1" 200 5947 "-" "Mozilla/5.0 (compatible; Googlebot/2.1; +http://www.google.com/bot.html)"
82.145.223.103 - - [04/May/2015:11:56:42 +0000] "GET /feed.php HTTP/1.1" 200 355 "-" "Mozilla/4.0 (Windows 98; US) Opera 10.00 [en]"
66.249.67.96 - - [04/May/2015:11:56:52 +0000] "GET /doku.php?id=glossary:set:ordered:partially HTTP/1.1" 200 8434 "-" "Mozilla/5.0 (compatible; Googlebot/2.1; +http://www.google.com/bot.html)"
5.255.253.92 - - [04/May/2015:11:57:02 +0000] "GET /robots.txt HTTP/1.1" 200 109 "-" "Mozilla/5.0 (compatible; YandexBot/3.0; +http://yandex.com/bots)"
37.140.141.34 - - [04/May/2015:11:57:04 +0000] "GET / HTTP/1.1" 302 5 "-" "Mozilla/5.0 (compatible; YandexBot/3.0; +http://yandex.com/bots)"
5.255.253.92 - - [04/May/2015:11:57:07 +0000] "GET /doku.php?id=glossary:geometry:elementary:axioms HTTP/1.1" 200 12281 "-" "Mozilla/5.0 (compatible; YandexBot/3.0; +http://yandex.com/bots)"
37.140.141.34 - - [04/May/2015:11:57:09 +0000] "GET /doku.php HTTP/1.1" 200 6514 "-" "Mozilla/5.0 (compatible; YandexBot/3.0; +http://yandex.com/bots)"
5.255.253.92 - - [04/May/2015:11:57:11 +0000] "GET /doku.php?id=start HTTP/1.1" 200 6516 "-" "Mozilla/5.0 (compatible; YandexBot/3.0; +http://yandex.com/bots)"
144.76.62.165 - - [04/May/2015:11:57:21 +0000] "GET /robots.txt HTTP/1.0" 200 109 "-" "Mozilla/5.0 (compatible; MJ12bot/v1.4.5; http://www.majestic12.co.uk/bot.php?+)"
144.76.62.165 - - [04/May/2015:11:57:23 +0000] "GET /doku.php?id=glossary:homology&do=backlink HTTP/1.0" 200 25601 "-" "Mozilla/5.0 (compatible; MJ12bot/v1.4.5; http://www.majestic12.co.uk/bot.php?+)"
144.76.62.165 - - [04/May/2015:11:57:25 +0000] "GET /doku.php?id=glossary:homology&do=edit&rev=0 HTTP/1.0" 200 7018 "-" "Mozilla/5.0 (compatible; MJ12bot/v1.4.5; http://www.majestic12.co.uk/bot.php?+)"
144.76.62.165 - - [04/May/2015:11:57:28 +0000] "GET /doku.php?id=glossary:homology:complex:morphism&do=backlink HTTP/1.0" 200 5419 "-" "Mozilla/5.0 (compatible; MJ12bot/v1.4.5; http://www.majestic12.co.uk/bot.php?+)"
144.76.62.165 - - [04/May/2015:11:57:30 +0000] "GET /doku.php?id=glossary:homology:complex:morphism&do=edit&rev=0 HTTP/1.0" 200 7397 "-" "Mozilla/5.0 (compatible; MJ12bot/v1.4.5; http://www.majestic12.co.uk/bot.php?+)"
66.249.67.96 - - [04/May/2015:11:57:31 +0000] "GET /doku.php?id=tag:%D0%B3%D0%BE%D0%BC%D0%BE%D0%BB%D0%BE%D0%B3%D0%B8%D1%87%D0%B5%D1%81%D0%BA%D0%B0%D1%8F-%D0%B0%D0%BB%D0%B3%D0%B5%D0%B1%D1%80%D0%B0&do=showtag&tag=%D0%B3%D0%BE%D0%BC%D0%BE%D0%BB%D0%BE%D0%B3%D0%B8%D1%87%D0%B5%D1%81%D0%BA%D0%B0%D1%8F-%D0%B0%D0%BB%D0%B3%D0%B5%D0%B1%D1%80%D0%B0 HTTP/1.1" 200 5553 "-" "Mozilla/5.0 (compatible; Googlebot/2.1; +http://www.google.com/bot.html)"
144.76.62.165 - - [04/May/2015:11:57:34 +0000] "GET /doku.php?id=glossary:module:limit:inductive&ns=glossary:geometry&tab_files=files&do=media HTTP/1.0" 200 6059 "-" "Mozilla/5.0 (compatible; MJ12bot/v1.4.5; http://www.majestic12.co.uk/bot.php?+)"
144.76.62.165 - - [04/May/2015:11:57:37 +0000] "GET /doku.php?id=glossary:module:limit:inductive&ns=glossary:matrix&tab_files=files&do=media HTTP/1.0" 200 6357 "-" "Mozilla/5.0 (compatible; MJ12bot/v1.4.5; http://www.majestic12.co.uk/bot.php?+)"
46.229.164.111 - - [04/May/2015:11:57:40 +0000] "GET /doku.php?do=edit&id=glossary:algebra:lie:restricted:torus&rev=0 HTTP/1.1" 200 7071 "-" "Mozilla/5.0 (compatible; SemrushBot/0.98~bl; +http://www.semrush.com/bot.html)"
144.76.62.165 - - [04/May/2015:11:57:42 +0000] "GET /doku.php?id=glossary:set&do=login&sectok=0e472599e92a2520ae5e13ea7d930994 HTTP/1.0" 200 5688 "-" "Mozilla/5.0 (compatible; MJ12bot/v1.4.5; http://www.majestic12.co.uk/bot.php?+)"
144.76.62.165 - - [04/May/2015:11:57:45 +0000] "GET /doku.php?id=glossary:set&do=login&sectok=14976ebe772cb2eae1ddb3c5116c17fd HTTP/1.0" 200 5688 "-" "Mozilla/5.0 (compatible; MJ12bot/v1.4.5; http://www.majestic12.co.uk/bot.php?+)"
144.76.62.165 - - [04/May/2015:11:57:50 +0000] "GET /doku.php?id=glossary:set&do=login&sectok=1497ec45ee98d6807406dc1097d28efe HTTP/1.0" 200 5687 "-" "Mozilla/5.0 (compatible; MJ12bot/v1.4.5; http://www.majestic12.co.uk/bot.php?+)"
144.76.62.165 - - [04/May/2015:11:57:53 +0000] "GET /doku.php?id=glossary:set&do=login&sectok=149c35d7c6d68b417d0ab1b6d98de3d7 HTTP/1.0" 200 5686 "-" "Mozilla/5.0 (compatible; MJ12bot/v1.4.5; http://www.majestic12.co.uk/bot.php?+)"
144.76.62.165 - - [04/May/2015:11:57:57 +0000] "GET /doku.php?id=glossary:set&do=login&sectok=14a1094bcbcf000eb267e044aa08abb1 HTTP/1.0" 200 5688 "-" "Mozilla/5.0 (compatible; MJ12bot/v1.4.5; http://www.majestic12.co.uk/bot.php?+)"
144.76.62.165 - - [04/May/2015:11:57:59 +0000] "GET /doku.php?id=glossary:set&do=login&sectok=14c0e213668acccd84b4d0146d932929 HTTP/1.0" 200 5685 "-" "Mozilla/5.0 (compatible; MJ12bot/v1.4.5; http://www.majestic12.co.uk/bot.php?+)"
144.76.62.165 - - [04/May/2015:11:58:01 +0000] "GET /doku.php?id=glossary:set&do=login&sectok=14d240747d66aa4708edd2001bc0010d HTTP/1.0" 200 5689 "-" "Mozilla/5.0 (compatible; MJ12bot/v1.4.5; http://www.majestic12.co.uk/bot.php?+)"
144.76.62.165 - - [04/May/2015:11:58:04 +0000] "GET /doku.php?id=glossary:set&do=login&sectok=14eda2b452744127f85785c4b84c3489 HTTP/1.0" 200 5687 "-" "Mozilla/5.0 (compatible; MJ12bot/v1.4.5; http://www.majestic12.co.uk/bot.php?+)"
144.76.62.165 - - [04/May/2015:11:58:07 +0000] "GET /doku.php?id=glossary:set&do=login&sectok=1b7917d142baae71385b8946b7b554c5 HTTP/1.0" 200 5688 "-" "Mozilla/5.0 (compatible; MJ12bot/v1.4.5; http://www.majestic12.co.uk/bot.php?+)"
144.76.62.165 - - [04/May/2015:11:58:09 +0000] "GET /doku.php?id=glossary:set&do=login&sectok=1bd734b2db4e15c902656995d1589eca HTTP/1.0" 200 5688 "-" "Mozilla/5.0 (compatible; MJ12bot/v1.4.5; http://www.majestic12.co.uk/bot.php?+)"
144.76.62.165 - - [04/May/2015:11:58:11 +0000] "GET /doku.php?id=glossary:set&do=login&sectok=1bf642de3747cd1d4bb8d37aea0fa4b5 HTTP/1.0" 200 5688 "-" "Mozilla/5.0 (compatible; MJ12bot/v1.4.5; http://www.majestic12.co.uk/bot.php?+)"
66.249.67.96 - - [04/May/2015:11:58:12 +0000] "GET /doku.php?id=tag:%D1%82%D0%BE%D0%BF%D0%BE%D0%BB%D0%BE%D0%B3%D0%B8%D1%87%D0%B5%D1%81%D0%BA%D0%BE%D0%B5-%D0%BF%D1%80%D0%BE%D1%81%D1%82%D1%80%D0%B0%D0%BD%D1%81%D1%82%D0%B2%D0%BE&do=showtag&tag=%D1%82%D0%BE%D0%BF%D0%BE%D0%BB%D0%BE%D0%B3%D0%B8%D1%87%D0%B5%D1%81%D0%BA%D0%BE%D0%B5-%D0%BF%D1%80%D0%BE%D1%81%D1%82%D1%80%D0%B0%D0%BD%D1%81%D1%82%D0%B2%D0%BE HTTP/1.1" 200 5766 "-" "Mozilla/5.0 (compatible; Googlebot/2.1; +http://www.google.com/bot.html)"
144.76.62.165 - - [04/May/2015:11:58:15 +0000] "GET /doku.php?id=glossary:set&do=login&sectok=1bf792d4818310863ef19237322d9652 HTTP/1.0" 200 5689 "-" "Mozilla/5.0 (compatible; MJ12bot/v1.4.5; http://www.majestic12.co.uk/bot.php?+)"
144.76.62.165 - - [04/May/2015:11:58:16 +0000] "GET /doku.php?id=glossary:set&do=login&sectok=1bf93f882f6c54cf23c5371e49e800f3 HTTP/1.0" 200 5688 "-" "Mozilla/5.0 (compatible; MJ12bot/v1.4.5; http://www.majestic12.co.uk/bot.php?+)"
144.76.62.165 - - [04/May/2015:11:58:19 +0000] "GET /doku.php?id=glossary:set&do=login&sectok=1bfe0afe971a2c7358950c70e9b08bb0 HTTP/1.0" 200 5686 "-" "Mozilla/5.0 (compatible; MJ12bot/v1.4.5; http://www.majestic12.co.uk/bot.php?+)"
144.76.62.165 - - [04/May/2015:11:58:24 +0000] "GET /doku.php?id=glossary:set&do=login&sectok=1c03f17da99671cd553131c578cd9cb6 HTTP/1.0" 200 5689 "-" "Mozilla/5.0 (compatible; MJ12bot/v1.4.5; http://www.majestic12.co.uk/bot.php?+)"
144.76.62.165 - - [04/May/2015:11:58:28 +0000] "GET /doku.php?id=glossary:set&do=login&sectok=1c06e3869d78eb73dab83e77c8fae691 HTTP/1.0" 200 5687 "-" "Mozilla/5.0 (compatible; MJ12bot/v1.4.5; http://www.majestic12.co.uk/bot.php?+)"
144.76.62.165 - - [04/May/2015:11:58:32 +0000] "GET /doku.php?id=glossary:set&do=login&sectok=1c08608aa761d11ae3ff63a0d9f2f4cf HTTP/1.0" 200 5687 "-" "Mozilla/5.0 (compatible; MJ12bot/v1.4.5; http://www.majestic12.co.uk/bot.php?+)"
144.76.62.165 - - [04/May/2015:11:58:33 +0000] "GET /doku.php?id=glossary:set&do=login&sectok=1c2dba886836b6bc07a234d25e3693f0 HTTP/1.0" 200 5687 "-" "Mozilla/5.0 (compatible; MJ12bot/v1.4.5; http://www.majestic12.co.uk/bot.php?+)"
144.76.62.165 - - [04/May/2015:11:58:39 +0000] "GET /doku.php?id=glossary:set&do=login&sectok=1c3653e453414bba3053c0d38cc52776 HTTP/1.0" 200 5688 "-" "Mozilla/5.0 (compatible; MJ12bot/v1.4.5; http://www.majestic12.co.uk/bot.php?+)"
144.76.62.165 - - [04/May/2015:11:58:41 +0000] "GET /doku.php?id=glossary:set&do=login&sectok=1c436eaae964220788322dc34363f597 HTTP/1.0" 200 5689 "-" "Mozilla/5.0 (compatible; MJ12bot/v1.4.5; http://www.majestic12.co.uk/bot.php?+)"
144.76.62.165 - - [04/May/2015:11:58:48 +0000] "GET /doku.php?id=glossary:set&do=login&sectok=1c4755bb63c488a9ed038e6f2cdd4194 HTTP/1.0" 200 5689 "-" "Mozilla/5.0 (compatible; MJ12bot/v1.4.5; http://www.majestic12.co.uk/bot.php?+)"
144.76.62.165 - - [04/May/2015:11:58:52 +0000] "GET /doku.php?id=glossary:set&do=login&sectok=1c479ba74187bfe00de1ec57b540b752 HTTP/1.0" 200 5689 "-" "Mozilla/5.0 (compatible; MJ12bot/v1.4.5; http://www.majestic12.co.uk/bot.php?+)"
144.76.62.165 - - [04/May/2015:11:58:56 +0000] "GET /doku.php?id=glossary:set&do=login&sectok=1c52ca0604282b814060f7744e6f8fe5 HTTP/1.0" 200 5688 "-" "Mozilla/5.0 (compatible; MJ12bot/v1.4.5; http://www.majestic12.co.uk/bot.php?+)"
66.249.67.80 - - [04/May/2015:11:58:57 +0000] "GET /doku.php?id=tag:%D0%B8%D0%B4%D0%B5%D0%B0%D0%BB&do=showtag&tag=%D0%B8%D0%B4%D0%B5%D0%B0%D0%BB HTTP/1.1" 200 5510 "-" "Mozilla/5.0 (compatible; Googlebot/2.1; +http://www.google.com/bot.html)"
144.76.62.165 - - [04/May/2015:11:58:59 +0000] "GET /doku.php?id=glossary:set&do=login&sectok=1c6310d4c4d418096e6f8aa689acca2f HTTP/1.0" 200 5689 "-" "Mozilla/5.0 (compatible; MJ12bot/v1.4.5; http://www.majestic12.co.uk/bot.php?+)"
144.76.62.165 - - [04/May/2015:11:59:04 +0000] "GET /doku.php?id=glossary:set&do=login&sectok=1c6c422fd06c94574eac48c3d154aaf8 HTTP/1.0" 200 5685 "-" "Mozilla/5.0 (compatible; MJ12bot/v1.4.5; http://www.majestic12.co.uk/bot.php?+)"
155.133.19.224 - - [04/May/2015:11:59:05 +0000] "GET /doku.php?id=wiki%3adokuwiki HTTP/1.1" 200 7157 "http://www.algebraical.info/" "Mozilla/5.0 (Windows NT 6.1) AppleWebKit/537.36 (KHTML, like Gecko) Chrome/39.0.2171.95 Safari/537.36"
144.76.62.165 - - [04/May/2015:11:59:07 +0000] "GET /doku.php?id=glossary:set&do=login&sectok=1c7d6adbc1789758f16391084b7463fa HTTP/1.0" 200 5687 "-" "Mozilla/5.0 (compatible; MJ12bot/v1.4.5; http://www.majestic12.co.uk/bot.php?+)"
144.76.62.165 - - [04/May/2015:11:59:10 +0000] "GET /doku.php?id=glossary:set&do=login&sectok=1fd5d1aec6c93b1d9252ed8a3d81b185 HTTP/1.0" 200 5687 "-" "Mozilla/5.0 (compatible; MJ12bot/v1.4.5; http://www.majestic12.co.uk/bot.php?+)"
144.76.62.165 - - [04/May/2015:11:59:13 +0000] "GET /doku.php?id=glossary:set&do=login&sectok=1fd8a7e52a45b663da3c00bd8c3fbede HTTP/1.0" 200 5688 "-" "Mozilla/5.0 (compatible; MJ12bot/v1.4.5; http://www.majestic12.co.uk/bot.php?+)"
144.76.62.165 - - [04/May/2015:11:59:16 +0000] "GET /doku.php?id=glossary:set&do=login&sectok=1fe930b767614f178703e9e19fe5f75b HTTP/1.0" 200 5686 "-" "Mozilla/5.0 (compatible; MJ12bot/v1.4.5; http://www.majestic12.co.uk/bot.php?+)"
144.76.62.165 - - [04/May/2015:11:59:20 +0000] "GET /doku.php?id=glossary:set&do=login&sectok=1fea8be3bbd609b696c07a7a531ca724 HTTP/1.0" 200 5688 "-" "Mozilla/5.0 (compatible; MJ12bot/v1.4.5; http://www.majestic12.co.uk/bot.php?+)"
144.76.62.165 - - [04/May/2015:11:59:25 +0000] "GET /doku.php?id=glossary:set&do=login&sectok=1fead7b3e507a896c44d189b5f37d75e HTTP/1.0" 200 5687 "-" "Mozilla/5.0 (compatible; MJ12bot/v1.4.5; http://www.majestic12.co.uk/bot.php?+)"
144.76.62.165 - - [04/May/2015:11:59:28 +0000] "GET /doku.php?id=glossary:set&do=login&sectok=1ff13c1fbdf34494b4a8ba8466288993 HTTP/1.0" 200 5688 "-" "Mozilla/5.0 (compatible; MJ12bot/v1.4.5; http://www.majestic12.co.uk/bot.php?+)"
144.76.62.165 - - [04/May/2015:11:59:30 +0000] "GET /doku.php?id=glossary:set&do=login&sectok=1ff7222f0d266821f00bf5293f671a03 HTTP/1.0" 200 5689 "-" "Mozilla/5.0 (compatible; MJ12bot/v1.4.5; http://www.majestic12.co.uk/bot.php?+)"
144.76.62.165 - - [04/May/2015:11:59:34 +0000] "GET /doku.php?id=glossary:set&do=login&sectok=1ffb70aed545fdd23ff5fca87f1d892d HTTP/1.0" 200 5688 "-" "Mozilla/5.0 (compatible; MJ12bot/v1.4.5; http://www.majestic12.co.uk/bot.php?+)"
144.76.62.165 - - [04/May/2015:11:59:38 +0000] "GET /doku.php?id=glossary:set&do=login&sectok=20034ad47b1fd6b0bc138ee8694115e7 HTTP/1.0" 200 5688 "-" "Mozilla/5.0 (compatible; MJ12bot/v1.4.5; http://www.majestic12.co.uk/bot.php?+)"
144.76.62.165 - - [04/May/2015:11:59:41 +0000] "GET /doku.php?id=glossary:set&do=login&sectok=2003cd9d08e35f154c0680a0ca7cbb6f HTTP/1.0" 200 5688 "-" "Mozilla/5.0 (compatible; MJ12bot/v1.4.5; http://www.majestic12.co.uk/bot.php?+)"
66.249.67.96 - - [04/May/2015:11:59:42 +0000] "GET /doku.php?id=glossary:matrix:rank HTTP/1.1" 200 9658 "-" "Mozilla/5.0 (compatible; Googlebot/2.1; +http://www.google.com/bot.html)"
144.76.62.165 - - [04/May/2015:11:59:44 +0000] "GET /doku.php?id=glossary:set&do=login&sectok=2008b1bf16d3dc14dcd73341279cee9a HTTP/1.0" 200 5689 "-" "Mozilla/5.0 (compatible; MJ12bot/v1.4.5; http://www.majestic12.co.uk/bot.php?+)"
144.76.62.165 - - [04/May/2015:11:59:46 +0000] "GET /doku.php?id=glossary:set&do=login&sectok=2015638a3ff1f83db3a4749f4bb4a868 HTTP/1.0" 200 5688 "-" "Mozilla/5.0 (compatible; MJ12bot/v1.4.5; http://www.majestic12.co.uk/bot.php?+)"
144.76.62.165 - - [04/May/2015:11:59:49 +0000] "GET /doku.php?id=glossary:set&do=login&sectok=2022dae58893be1012b4c4482edbcf9e HTTP/1.0" 200 5688 "-" "Mozilla/5.0 (compatible; MJ12bot/v1.4.5; http://www.majestic12.co.uk/bot.php?+)"
123.125.71.40 - - [04/May/2015:11:59:52 +0000] "GET / HTTP/1.1" 302 5 "-" "Mozilla/5.0 (Windows NT 5.1; rv:6.0.2) Gecko/20100101 Firefox/6.0.2"
144.76.62.165 - - [04/May/2015:11:59:52 +0000] "GET /doku.php?id=glossary:set&do=login&sectok=207bf4ee9342ab582a461ff2ad9f79c5 HTTP/1.0" 200 5689 "-" "Mozilla/5.0 (compatible; MJ12bot/v1.4.5; http://www.majestic12.co.uk/bot.php?+)"
123.125.71.13 - - [04/May/2015:11:59:53 +0000] "GET /doku.php HTTP/1.1" 200 6516 "-" "Mozilla/5.0 (Windows NT 5.1; rv:6.0.2) Gecko/20100101 Firefox/6.0.2"
144.76.62.165 - - [04/May/2015:11:59:53 +0000] "GET /doku.php?id=glossary:set&do=login&sectok=2338d5b01cc3aef35e22734bc247c9ff HTTP/1.0" 200 5688 "-" "Mozilla/5.0 (compatible; MJ12bot/v1.4.5; http://www.majestic12.co.uk/bot.php?+)"
220.181.108.153 - - [04/May/2015:11:59:55 +0000] "GET / HTTP/1.1" 302 5 "-" "Mozilla/5.0 (compatible; Baiduspider/2.0; +http://www.baidu.com/search/spider.html)"
220.181.108.169 - - [04/May/2015:11:59:55 +0000] "GET /doku.php HTTP/1.1" 200 6521 "-" "Mozilla/5.0 (compatible; Baiduspider/2.0; +http://www.baidu.com/search/spider.html)"
144.76.62.165 - - [04/May/2015:11:59:57 +0000] "GET /doku.php?id=glossary:set&do=login&sectok=242477957146306b59594a2707f6102d HTTP/1.0" 200 5690 "-" "Mozilla/5.0 (compatible; MJ12bot/v1.4.5; http://www.majestic12.co.uk/bot.php?+)"
144.76.62.165 - - [04/May/2015:11:59:59 +0000] "GET /doku.php?id=glossary:set&do=login&sectok=2456dbe148032ce807ed7fa57fbd8386 HTTP/1.0" 200 5690 "-" "Mozilla/5.0 (compatible; MJ12bot/v1.4.5; http://www.majestic12.co.uk/bot.php?+)"
66.249.67.96 - - [04/May/2015:12:00:05 +0000] "GET /doku.php?id=glossary:module:free HTTP/1.1" 200 8001 "-" "Mozilla/5.0 (compatible; Googlebot/2.1; +http://www.google.com/bot.html)"
144.76.62.165 - - [04/May/2015:12:00:07 +0000] "GET /doku.php?id=glossary:set&do=login&sectok=258c1dbc03d0f3bbacc7d8bcd1c94311 HTTP/1.0" 200 5688 "-" "Mozilla/5.0 (compatible; MJ12bot/v1.4.5; http://www.majestic12.co.uk/bot.php?+)"
144.76.62.165 - - [04/May/2015:12:00:10 +0000] "GET /doku.php?id=glossary:set&do=login&sectok=25ea370fc7020e9c40d77b552deceaaa HTTP/1.0" 200 5688 "-" "Mozilla/5.0 (compatible; MJ12bot/v1.4.5; http://www.majestic12.co.uk/bot.php?+)"
144.76.62.165 - - [04/May/2015:12:00:14 +0000] "GET /doku.php?id=glossary:set&do=login&sectok=261a78f8911a13e93f65c935f78d48dd HTTP/1.0" 200 5689 "-" "Mozilla/5.0 (compatible; MJ12bot/v1.4.5; http://www.majestic12.co.uk/bot.php?+)"
144.76.62.165 - - [04/May/2015:12:00:16 +0000] "GET /doku.php?id=glossary:set&do=login&sectok=261beba0a2a05c9b008d1c1937e10ba6 HTTP/1.0" 200 5689 "-" "Mozilla/5.0 (compatible; MJ12bot/v1.4.5; http://www.majestic12.co.uk/bot.php?+)"
144.76.62.165 - - [04/May/2015:12:00:20 +0000] "GET /doku.php?id=glossary:set&do=login&sectok=2639ba8da9998bb7df037ce12a72ed05 HTTP/1.0" 200 5690 "-" "Mozilla/5.0 (compatible; MJ12bot/v1.4.5; http://www.majestic12.co.uk/bot.php?+)"
144.76.62.165 - - [04/May/2015:12:00:23 +0000] "GET /doku.php?id=glossary:set&do=login&sectok=263a10680e7a48a2d86bda21628d0c95 HTTP/1.0" 200 5687 "-" "Mozilla/5.0 (compatible; MJ12bot/v1.4.5; http://www.majestic12.co.uk/bot.php?+)"
144.76.62.165 - - [04/May/2015:12:00:25 +0000] "GET /doku.php?id=glossary:set&do=login&sectok=26463c94e5539cd817283d3734a4607b HTTP/1.0" 200 5689 "-" "Mozilla/5.0 (compatible; MJ12bot/v1.4.5; http://www.majestic12.co.uk/bot.php?+)"
144.76.62.165 - - [04/May/2015:12:00:27 +0000] "GET /doku.php?id=glossary:set&do=login&sectok=2654419a9c7590cce3f5f04caa0a2411 HTTP/1.0" 200 5688 "-" "Mozilla/5.0 (compatible; MJ12bot/v1.4.5; http://www.majestic12.co.uk/bot.php?+)"
144.76.62.165 - - [04/May/2015:12:00:30 +0000] "GET /doku.php?id=glossary:set&do=login&sectok=269254307118a3f539d5cb8beb0488cb HTTP/1.0" 200 5688 "-" "Mozilla/5.0 (compatible; MJ12bot/v1.4.5; http://www.majestic12.co.uk/bot.php?+)"
66.249.67.88 - - [04/May/2015:12:00:30 +0000] "GET /doku.php?id=glossary:relation:order HTTP/1.1" 200 8651 "-" "Mozilla/5.0 (compatible; Googlebot/2.1; +http://www.google.com/bot.html)"
144.76.62.165 - - [04/May/2015:12:00:32 +0000] "GET /doku.php?id=glossary:set&do=login&sectok=269590ca12416540a1551a24b8bbb608 HTTP/1.0" 200 5687 "-" "Mozilla/5.0 (compatible; MJ12bot/v1.4.5; http://www.majestic12.co.uk/bot.php?+)"
144.76.62.165 - - [04/May/2015:12:00:35 +0000] "GET /doku.php?id=glossary:set&do=login&sectok=26ae856e995e711f9b8495fb22a50b18 HTTP/1.0" 200 5689 "-" "Mozilla/5.0 (compatible; MJ12bot/v1.4.5; http://www.majestic12.co.uk/bot.php?+)"
144.76.62.165 - - [04/May/2015:12:00:37 +0000] "GET /doku.php?id=glossary:set&do=login&sectok=26af34811bbd9d652e1caa7c7cc26e51 HTTP/1.0" 200 5688 "-" "Mozilla/5.0 (compatible; MJ12bot/v1.4.5; http://www.majestic12.co.uk/bot.php?+)"
144.76.62.165 - - [04/May/2015:12:00:40 +0000] "GET /doku.php?id=glossary:set&do=login&sectok=26c3da28b9d65227b1db501d1896a5e4 HTTP/1.0" 200 5689 "-" "Mozilla/5.0 (compatible; MJ12bot/v1.4.5; http://www.majestic12.co.uk/bot.php?+)"
144.76.62.165 - - [04/May/2015:12:00:43 +0000] "GET /doku.php?id=glossary:set&do=login&sectok=26c59c4c613597d786bbe212622ee008 HTTP/1.0" 200 5688 "-" "Mozilla/5.0 (compatible; MJ12bot/v1.4.5; http://www.majestic12.co.uk/bot.php?+)"
144.76.62.165 - - [04/May/2015:12:00:47 +0000] "GET /doku.php?id=glossary:set&do=login&sectok=26f07fc093909c02f760a9e42e5586ef HTTP/1.0" 200 5689 "-" "Mozilla/5.0 (compatible; MJ12bot/v1.4.5; http://www.majestic12.co.uk/bot.php?+)"
144.76.62.165 - - [04/May/2015:12:00:49 +0000] "GET /doku.php?id=glossary:set&do=login&sectok=26f8eef90aada7751a41b29e3fc3e228 HTTP/1.0" 200 5688 "-" "Mozilla/5.0 (compatible; MJ12bot/v1.4.5; http://www.majestic12.co.uk/bot.php?+)"
144.76.62.165 - - [04/May/2015:12:00:52 +0000] "GET /doku.php?id=glossary:set&do=login&sectok=27034ee02d71cae0a979e9acde0b03e1 HTTP/1.0" 200 5688 "-" "Mozilla/5.0 (compatible; MJ12bot/v1.4.5; http://www.majestic12.co.uk/bot.php?+)"
46.229.164.111 - - [04/May/2015:12:00:53 +0000] "GET /doku.php?id=solved:algebra:linear:determinant HTTP/1.1" 200 9648 "-" "Mozilla/5.0 (compatible; SemrushBot/0.98~bl; +http://www.semrush.com/bot.html)"
144.76.62.165 - - [04/May/2015:12:00:54 +0000] "GET /doku.php?id=glossary:set&do=login&sectok=2703a4ccb7faeb5d56995a5f9a1bb3fd HTTP/1.0" 200 5687 "-" "Mozilla/5.0 (compatible; MJ12bot/v1.4.5; http://www.majestic12.co.uk/bot.php?+)"
144.76.62.165 - - [04/May/2015:12:00:58 +0000] "GET /doku.php?id=glossary:set&do=login&sectok=2766c5dec5dd6a6586a8d9f0d6d67c4e HTTP/1.0" 200 5689 "-" "Mozilla/5.0 (compatible; MJ12bot/v1.4.5; http://www.majestic12.co.uk/bot.php?+)"
144.76.62.165 - - [04/May/2015:12:01:02 +0000] "GET /doku.php?id=glossary:set&do=login&sectok=27927f166762182cf2227896b35a81b2 HTTP/1.0" 200 5688 "-" "Mozilla/5.0 (compatible; MJ12bot/v1.4.5; http://www.majestic12.co.uk/bot.php?+)"
144.76.62.165 - - [04/May/2015:12:01:04 +0000] "GET /doku.php?id=glossary:set&do=login&sectok=27cdef733e7688ce0364f3d188e050c5 HTTP/1.0" 200 5689 "-" "Mozilla/5.0 (compatible; MJ12bot/v1.4.5; http://www.majestic12.co.uk/bot.php?+)"
144.76.62.165 - - [04/May/2015:12:01:07 +0000] "GET /doku.php?id=glossary:set&do=login&sectok=27d2e5d32342c16074df4c983709bb75 HTTP/1.0" 200 5687 "-" "Mozilla/5.0 (compatible; MJ12bot/v1.4.5; http://www.majestic12.co.uk/bot.php?+)"
144.76.62.165 - - [04/May/2015:12:01:12 +0000] "GET /doku.php?id=glossary:set&do=login&sectok=27dfb461baa8bbbe0ee60f0fb70cc0e8 HTTP/1.0" 200 5688 "-" "Mozilla/5.0 (compatible; MJ12bot/v1.4.5; http://www.majestic12.co.uk/bot.php?+)"
144.76.62.165 - - [04/May/2015:12:01:15 +0000] "GET /doku.php?id=glossary:set&do=login&sectok=28426ae470240e584267fbbeb03617be HTTP/1.0" 200 5689 "-" "Mozilla/5.0 (compatible; MJ12bot/v1.4.5; http://www.majestic12.co.uk/bot.php?+)"
66.249.67.88 - - [04/May/2015:12:01:20 +0000] "GET /doku.php?id=glossary:space:linear:dual HTTP/1.1" 200 7501 "-" "Mozilla/5.0 (compatible; Googlebot/2.1; +http://www.google.com/bot.html)"
144.76.62.165 - - [04/May/2015:12:01:24 +0000] "GET /doku.php?id=glossary:set&do=login&sectok=28578f2309fbea173f201881d2ea1e1e HTTP/1.0" 200 5687 "-" "Mozilla/5.0 (compatible; MJ12bot/v1.4.5; http://www.majestic12.co.uk/bot.php?+)"
144.76.62.165 - - [04/May/2015:12:01:26 +0000] "GET /doku.php?id=glossary:set&do=login&sectok=285ce3abdc0b19dc16203b9969c5e42d HTTP/1.0" 200 5688 "-" "Mozilla/5.0 (compatible; MJ12bot/v1.4.5; http://www.majestic12.co.uk/bot.php?+)"
144.76.62.165 - - [04/May/2015:12:01:29 +0000] "GET /doku.php?id=glossary:set&do=login&sectok=285e3e07241fbf609b03d02d03df6842 HTTP/1.0" 200 5689 "-" "Mozilla/5.0 (compatible; MJ12bot/v1.4.5; http://www.majestic12.co.uk/bot.php?+)"
144.76.62.165 - - [04/May/2015:12:01:33 +0000] "GET /doku.php?id=glossary:set&do=login&sectok=2efe4fc7263d5e0a51845d48ba4bf8d2 HTTP/1.0" 200 5687 "-" "Mozilla/5.0 (compatible; MJ12bot/v1.4.5; http://www.majestic12.co.uk/bot.php?+)"
193.218.138.64 - - [04/May/2015:12:01:33 +0000] "GET /doku.php?id=glossary:element:semigroup:inverse HTTP/1.1" 200 8512 "https://www.google.com/" "Mozilla/5.0 (Windows NT 6.3; WOW64) AppleWebKit/537.36 (KHTML, like Gecko) Chrome/41.0.2272.118 YaBrowser/15.4.2272.3429 Safari/537.36"
193.218.138.64 - - [04/May/2015:12:01:34 +0000] "GET /lib/tpl/dokubook/images/algebraical-logo.png HTTP/1.1" 200 20563 "http://www.algebraical.info/doku.php?id=glossary:element:semigroup:inverse" "Mozilla/5.0 (Windows NT 6.3; WOW64) AppleWebKit/537.36 (KHTML, like Gecko) Chrome/41.0.2272.118 YaBrowser/15.4.2272.3429 Safari/537.36"
193.218.138.64 - - [04/May/2015:12:01:34 +0000] "GET /lib/exe/css.php?t=dokubook&tseed=1404756442 HTTP/1.1" 200 15696 "http://www.algebraical.info/doku.php?id=glossary:element:semigroup:inverse" "Mozilla/5.0 (Windows NT 6.3; WOW64) AppleWebKit/537.36 (KHTML, like Gecko) Chrome/41.0.2272.118 YaBrowser/15.4.2272.3429 Safari/537.36"
193.218.138.64 - - [04/May/2015:12:01:34 +0000] "GET /lib/tpl/dokubook/images/algebraical-transparent.png HTTP/1.1" 200 5970 "http://www.algebraical.info/doku.php?id=glossary:element:semigroup:inverse" "Mozilla/5.0 (Windows NT 6.3; WOW64) AppleWebKit/537.36 (KHTML, like Gecko) Chrome/41.0.2272.118 YaBrowser/15.4.2272.3429 Safari/537.36"
193.218.138.64 - - [04/May/2015:12:01:34 +0000] "GET /lib/exe/fetch.php?cache=&media=latex%3A00bf09c062cb1a3244428691a109bde7.png HTTP/1.1" 200 402 "http://www.algebraical.info/doku.php?id=glossary:element:semigroup:inverse" "Mozilla/5.0 (Windows NT 6.3; WOW64) AppleWebKit/537.36 (KHTML, like Gecko) Chrome/41.0.2272.118 YaBrowser/15.4.2272.3429 Safari/537.36"
193.218.138.64 - - [04/May/2015:12:01:34 +0000] "GET /lib/exe/js.php?tseed=1404756442 HTTP/1.1" 200 122329 "http://www.algebraical.info/doku.php?id=glossary:element:semigroup:inverse" "Mozilla/5.0 (Windows NT 6.3; WOW64) AppleWebKit/537.36 (KHTML, like Gecko) Chrome/41.0.2272.118 YaBrowser/15.4.2272.3429 Safari/537.36"
193.218.138.64 - - [04/May/2015:12:01:35 +0000] "GET /lib/exe/fetch.php?cache=&media=latex%3A8c16146a119d76e489048ca07d4bad4a.png HTTP/1.1" 200 388 "http://www.algebraical.info/doku.php?id=glossary:element:semigroup:inverse" "Mozilla/5.0 (Windows NT 6.3; WOW64) AppleWebKit/537.36 (KHTML, like Gecko) Chrome/41.0.2272.118 YaBrowser/15.4.2272.3429 Safari/537.36"
193.218.138.64 - - [04/May/2015:12:01:35 +0000] "GET /lib/tpl/dokubook/images/tocdot2.gif HTTP/1.1" 200 810 "http://www.algebraical.info/lib/exe/css.php?t=dokubook&tseed=1404756442" "Mozilla/5.0 (Windows NT 6.3; WOW64) AppleWebKit/537.36 (KHTML, like Gecko) Chrome/41.0.2272.118 YaBrowser/15.4.2272.3429 Safari/537.36"
193.218.138.64 - - [04/May/2015:12:01:35 +0000] "GET /lib/exe/fetch.php?cache=&media=latex%3A2899c61382806adad60aba5824e3bcea.png HTTP/1.1" 200 404 "http://www.algebraical.info/doku.php?id=glossary:element:semigroup:inverse" "Mozilla/5.0 (Windows NT 6.3; WOW64) AppleWebKit/537.36 (KHTML, like Gecko) Chrome/41.0.2272.118 YaBrowser/15.4.2272.3429 Safari/537.36"
193.218.138.64 - - [04/May/2015:12:01:35 +0000] "GET /lib/tpl/dokubook/images/tool-source.png HTTP/1.1" 200 617 "http://www.algebraical.info/lib/exe/css.php?t=dokubook&tseed=1404756442" "Mozilla/5.0 (Windows NT 6.3; WOW64) AppleWebKit/537.36 (KHTML, like Gecko) Chrome/41.0.2272.118 YaBrowser/15.4.2272.3429 Safari/537.36"
193.218.138.64 - - [04/May/2015:12:01:35 +0000] "GET /lib/tpl/dokubook/images/inputshadow.png HTTP/1.1" 200 155 "http://www.algebraical.info/lib/exe/css.php?t=dokubook&tseed=1404756442" "Mozilla/5.0 (Windows NT 6.3; WOW64) AppleWebKit/537.36 (KHTML, like Gecko) Chrome/41.0.2272.118 YaBrowser/15.4.2272.3429 Safari/537.36"
193.218.138.64 - - [04/May/2015:12:01:35 +0000] "GET /lib/exe/fetch.php?cache=&media=latex%3A5fcd22ee2f4740b7e323e655d22bc757.png HTTP/1.1" 200 363 "http://www.algebraical.info/doku.php?id=glossary:element:semigroup:inverse" "Mozilla/5.0 (Windows NT 6.3; WOW64) AppleWebKit/537.36 (KHTML, like Gecko) Chrome/41.0.2272.118 YaBrowser/15.4.2272.3429 Safari/537.36"
193.218.138.64 - - [04/May/2015:12:01:35 +0000] "GET /lib/tpl/dokubook/images/tool-revisions.png HTTP/1.1" 200 603 "http://www.algebraical.info/lib/exe/css.php?t=dokubook&tseed=1404756442" "Mozilla/5.0 (Windows NT 6.3; WOW64) AppleWebKit/537.36 (KHTML, like Gecko) Chrome/41.0.2272.118 YaBrowser/15.4.2272.3429 Safari/537.36"
193.218.138.64 - - [04/May/2015:12:01:35 +0000] "GET /lib/tpl/dokubook/images/tool-login.png HTTP/1.1" 200 650 "http://www.algebraical.info/lib/exe/css.php?t=dokubook&tseed=1404756442" "Mozilla/5.0 (Windows NT 6.3; WOW64) AppleWebKit/537.36 (KHTML, like Gecko) Chrome/41.0.2272.118 YaBrowser/15.4.2272.3429 Safari/537.36"
193.218.138.64 - - [04/May/2015:12:01:35 +0000] "GET /lib/tpl/dokubook/images/tool-index.png HTTP/1.1" 200 935 "http://www.algebraical.info/lib/exe/css.php?t=dokubook&tseed=1404756442" "Mozilla/5.0 (Windows NT 6.3; WOW64) AppleWebKit/537.36 (KHTML, like Gecko) Chrome/41.0.2272.118 YaBrowser/15.4.2272.3429 Safari/537.36"
193.218.138.64 - - [04/May/2015:12:01:35 +0000] "GET /lib/tpl/dokubook/images/tool-backlink.png HTTP/1.1" 200 540 "http://www.algebraical.info/lib/exe/css.php?t=dokubook&tseed=1404756442" "Mozilla/5.0 (Windows NT 6.3; WOW64) AppleWebKit/537.36 (KHTML, like Gecko) Chrome/41.0.2272.118 YaBrowser/15.4.2272.3429 Safari/537.36"
193.218.138.64 - - [04/May/2015:12:01:35 +0000] "GET /lib/exe/fetch.php?cache=&media=latex%3Ab8556ccac57599bb7a8a6c7064949e1e.png HTTP/1.1" 200 349 "http://www.algebraical.info/doku.php?id=glossary:element:semigroup:inverse" "Mozilla/5.0 (Windows NT 6.3; WOW64) AppleWebKit/537.36 (KHTML, like Gecko) Chrome/41.0.2272.118 YaBrowser/15.4.2272.3429 Safari/537.36"
193.218.138.64 - - [04/May/2015:12:01:35 +0000] "GET /lib/images/mediamanager.png HTTP/1.1" 200 507 "http://www.algebraical.info/lib/exe/css.php?t=dokubook&tseed=1404756442" "Mozilla/5.0 (Windows NT 6.3; WOW64) AppleWebKit/537.36 (KHTML, like Gecko) Chrome/41.0.2272.118 YaBrowser/15.4.2272.3429 Safari/537.36"
193.218.138.64 - - [04/May/2015:12:01:35 +0000] "GET /lib/tpl/dokubook/images/tool-recent.png HTTP/1.1" 200 464 "http://www.algebraical.info/lib/exe/css.php?t=dokubook&tseed=1404756442" "Mozilla/5.0 (Windows NT 6.3; WOW64) AppleWebKit/537.36 (KHTML, like Gecko) Chrome/41.0.2272.118 YaBrowser/15.4.2272.3429 Safari/537.36"
193.218.138.64 - - [04/May/2015:12:01:35 +0000] "GET /lib/tpl/dokubook/images/dwbg.jpg HTTP/1.1" 200 1060 "http://www.algebraical.info/lib/exe/css.php?t=dokubook&tseed=1404756442" "Mozilla/5.0 (Windows NT 6.3; WOW64) AppleWebKit/537.36 (KHTML, like Gecko) Chrome/41.0.2272.118 YaBrowser/15.4.2272.3429 Safari/537.36"
193.218.138.64 - - [04/May/2015:12:01:35 +0000] "GET /lib/exe/fetch.php?cache=&media=latex%3Ad9244238f12394e5a214bd4460313d82.png HTTP/1.1" 200 404 "http://www.algebraical.info/doku.php?id=glossary:element:semigroup:inverse" "Mozilla/5.0 (Windows NT 6.3; WOW64) AppleWebKit/537.36 (KHTML, like Gecko) Chrome/41.0.2272.118 YaBrowser/15.4.2272.3429 Safari/537.36"
193.218.138.64 - - [04/May/2015:12:01:35 +0000] "GET /lib/exe/fetch.php?cache=&media=latex%3A7f1d2c07614e7f5a6e955f8566d3c74e.png HTTP/1.1" 200 509 "http://www.algebraical.info/doku.php?id=glossary:element:semigroup:inverse" "Mozilla/5.0 (Windows NT 6.3; WOW64) AppleWebKit/537.36 (KHTML, like Gecko) Chrome/41.0.2272.118 YaBrowser/15.4.2272.3429 Safari/537.36"
193.218.138.64 - - [04/May/2015:12:01:36 +0000] "GET /lib/exe/indexer.php?id=glossary%3Aelement%3Asemigroup%3Ainverse&1430740893 HTTP/1.1" 200 42 "http://www.algebraical.info/doku.php?id=glossary:element:semigroup:inverse" "Mozilla/5.0 (Windows NT 6.3; WOW64) AppleWebKit/537.36 (KHTML, like Gecko) Chrome/41.0.2272.118 YaBrowser/15.4.2272.3429 Safari/537.36"
193.218.138.64 - - [04/May/2015:12:01:36 +0000] "GET /lib/exe/fetch.php?cache=&media=latex%3A4683854a3baf8b9c74dacc694d8b7726.png HTTP/1.1" 200 316 "http://www.algebraical.info/doku.php?id=glossary:element:semigroup:inverse" "Mozilla/5.0 (Windows NT 6.3; WOW64) AppleWebKit/537.36 (KHTML, like Gecko) Chrome/41.0.2272.118 YaBrowser/15.4.2272.3429 Safari/537.36"
193.218.138.64 - - [04/May/2015:12:01:36 +0000] "GET /lib/exe/fetch.php?cache=&media=latex%3A271fca6d0a147dde9c9f5dea3a9a5ed5.png HTTP/1.1" 200 235 "http://www.algebraical.info/doku.php?id=glossary:element:semigroup:inverse" "Mozilla/5.0 (Windows NT 6.3; WOW64) AppleWebKit/537.36 (KHTML, like Gecko) Chrome/41.0.2272.118 YaBrowser/15.4.2272.3429 Safari/537.36"
193.218.138.64 - - [04/May/2015:12:01:36 +0000] "GET /lib/exe/fetch.php?cache=&media=latex%3A373509cc65b34b980ff7676302107e96.png HTTP/1.1" 200 204 "http://www.algebraical.info/doku.php?id=glossary:element:semigroup:inverse" "Mozilla/5.0 (Windows NT 6.3; WOW64) AppleWebKit/537.36 (KHTML, like Gecko) Chrome/41.0.2272.118 YaBrowser/15.4.2272.3429 Safari/537.36"
193.218.138.64 - - [04/May/2015:12:01:36 +0000] "GET /lib/exe/fetch.php?cache=&media=latex%3A407198a6762317ce6feaa77909b7cfdc.png HTTP/1.1" 200 231 "http://www.algebraical.info/doku.php?id=glossary:element:semigroup:inverse" "Mozilla/5.0 (Windows NT 6.3; WOW64) AppleWebKit/537.36 (KHTML, like Gecko) Chrome/41.0.2272.118 YaBrowser/15.4.2272.3429 Safari/537.36"
193.218.138.64 - - [04/May/2015:12:01:36 +0000] "GET /lib/exe/fetch.php?cache=&media=latex%3A33254ffe41f938d834f8d443c47670b1.png HTTP/1.1" 200 244 "http://www.algebraical.info/doku.php?id=glossary:element:semigroup:inverse" "Mozilla/5.0 (Windows NT 6.3; WOW64) AppleWebKit/537.36 (KHTML, like Gecko) Chrome/41.0.2272.118 YaBrowser/15.4.2272.3429 Safari/537.36"
193.218.138.64 - - [04/May/2015:12:01:37 +0000] "GET /lib/exe/fetch.php?cache=&media=latex%3Ae09129cfecc9dca81c996a1d82a138d2.png HTTP/1.1" 200 234 "http://www.algebraical.info/doku.php?id=glossary:element:semigroup:inverse" "Mozilla/5.0 (Windows NT 6.3; WOW64) AppleWebKit/537.36 (KHTML, like Gecko) Chrome/41.0.2272.118 YaBrowser/15.4.2272.3429 Safari/537.36"
193.218.138.64 - - [04/May/2015:12:01:37 +0000] "GET /lib/exe/fetch.php?cache=&media=latex%3A1afff392d17f830756a142b993f81398.png HTTP/1.1" 200 256 "http://www.algebraical.info/doku.php?id=glossary:element:semigroup:inverse" "Mozilla/5.0 (Windows NT 6.3; WOW64) AppleWebKit/537.36 (KHTML, like Gecko) Chrome/41.0.2272.118 YaBrowser/15.4.2272.3429 Safari/537.36"
193.218.138.64 - - [04/May/2015:12:01:37 +0000] "GET /lib/exe/fetch.php?cache=&media=latex%3Acae8ed97afc163ca06bbf8ffd5ab0521.png HTTP/1.1" 200 703 "http://www.algebraical.info/doku.php?id=glossary:element:semigroup:inverse" "Mozilla/5.0 (Windows NT 6.3; WOW64) AppleWebKit/537.36 (KHTML, like Gecko) Chrome/41.0.2272.118 YaBrowser/15.4.2272.3429 Safari/537.36"
193.218.138.64 - - [04/May/2015:12:01:37 +0000] "GET /lib/exe/fetch.php?cache=&media=latex%3A2d0d955241139cc0acde9bc5681196dc.png HTTP/1.1" 200 1153 "http://www.algebraical.info/doku.php?id=glossary:element:semigroup:inverse" "Mozilla/5.0 (Windows NT 6.3; WOW64) AppleWebKit/537.36 (KHTML, like Gecko) Chrome/41.0.2272.118 YaBrowser/15.4.2272.3429 Safari/537.36"
193.218.138.64 - - [04/May/2015:12:01:37 +0000] "GET /lib/exe/fetch.php?cache=&media=latex%3A5dc308920952a8dd69e8c1e775edc382.png HTTP/1.1" 200 382 "http://www.algebraical.info/doku.php?id=glossary:element:semigroup:inverse" "Mozilla/5.0 (Windows NT 6.3; WOW64) AppleWebKit/537.36 (KHTML, like Gecko) Chrome/41.0.2272.118 YaBrowser/15.4.2272.3429 Safari/537.36"
193.218.138.64 - - [04/May/2015:12:01:37 +0000] "GET /lib/exe/fetch.php?cache=&media=latex%3A5e9dfdafdec9ac8f186dcc0908bca593.png HTTP/1.1" 200 818 "http://www.algebraical.info/doku.php?id=glossary:element:semigroup:inverse" "Mozilla/5.0 (Windows NT 6.3; WOW64) AppleWebKit/537.36 (KHTML, like Gecko) Chrome/41.0.2272.118 YaBrowser/15.4.2272.3429 Safari/537.36"
144.76.62.165 - - [04/May/2015:12:01:37 +0000] "GET /doku.php?id=glossary:set&do=login&sectok=2efea5d46b15d8cf7562adb8daf952a8 HTTP/1.0" 200 5688 "-" "Mozilla/5.0 (compatible; MJ12bot/v1.4.5; http://www.majestic12.co.uk/bot.php?+)"
193.218.138.64 - - [04/May/2015:12:01:38 +0000] "GET /lib/exe/fetch.php?cache=&media=latex%3Af11ce45ab47ce2b64a2fd478a093b57b.png HTTP/1.1" 200 168 "http://www.algebraical.info/doku.php?id=glossary:element:semigroup:inverse" "Mozilla/5.0 (Windows NT 6.3; WOW64) AppleWebKit/537.36 (KHTML, like Gecko) Chrome/41.0.2272.118 YaBrowser/15.4.2272.3429 Safari/537.36"
193.218.138.64 - - [04/May/2015:12:01:38 +0000] "GET /lib/exe/fetch.php?cache=&media=latex%3A604adab05ae3c9d1f519c3e0991f4cf1.png HTTP/1.1" 200 225 "http://www.algebraical.info/doku.php?id=glossary:element:semigroup:inverse" "Mozilla/5.0 (Windows NT 6.3; WOW64) AppleWebKit/537.36 (KHTML, like Gecko) Chrome/41.0.2272.118 YaBrowser/15.4.2272.3429 Safari/537.36"
193.218.138.64 - - [04/May/2015:12:01:38 +0000] "GET /lib/exe/fetch.php?cache=&media=latex%3Ab37af722dc5275261d836e712e264310.png HTTP/1.1" 200 274 "http://www.algebraical.info/doku.php?id=glossary:element:semigroup:inverse" "Mozilla/5.0 (Windows NT 6.3; WOW64) AppleWebKit/537.36 (KHTML, like Gecko) Chrome/41.0.2272.118 YaBrowser/15.4.2272.3429 Safari/537.36"
193.218.138.64 - - [04/May/2015:12:01:38 +0000] "GET /lib/exe/fetch.php?cache=&media=latex%3A0b834d0f818299e88a9bbd098a1c8d35.png HTTP/1.1" 200 897 "http://www.algebraical.info/doku.php?id=glossary:element:semigroup:inverse" "Mozilla/5.0 (Windows NT 6.3; WOW64) AppleWebKit/537.36 (KHTML, like Gecko) Chrome/41.0.2272.118 YaBrowser/15.4.2272.3429 Safari/537.36"
193.218.138.64 - - [04/May/2015:12:01:38 +0000] "GET /lib/exe/fetch.php?cache=&media=latex%3Ac451e649d54fef69d785c65463d1c1c0.png HTTP/1.1" 200 222 "http://www.algebraical.info/doku.php?id=glossary:element:semigroup:inverse" "Mozilla/5.0 (Windows NT 6.3; WOW64) AppleWebKit/537.36 (KHTML, like Gecko) Chrome/41.0.2272.118 YaBrowser/15.4.2272.3429 Safari/537.36"
193.218.138.64 - - [04/May/2015:12:01:38 +0000] "GET /lib/exe/fetch.php?cache=&media=latex%3A7e748accb5b02a0b747d49db266f72b8.png HTTP/1.1" 200 198 "http://www.algebraical.info/doku.php?id=glossary:element:semigroup:inverse" "Mozilla/5.0 (Windows NT 6.3; WOW64) AppleWebKit/537.36 (KHTML, like Gecko) Chrome/41.0.2272.118 YaBrowser/15.4.2272.3429 Safari/537.36"
193.218.138.64 - - [04/May/2015:12:01:38 +0000] "GET /lib/exe/fetch.php?cache=&media=latex%3Ae73ca5162797033a84789c2373c78db9.png HTTP/1.1" 200 311 "http://www.algebraical.info/doku.php?id=glossary:element:semigroup:inverse" "Mozilla/5.0 (Windows NT 6.3; WOW64) AppleWebKit/537.36 (KHTML, like Gecko) Chrome/41.0.2272.118 YaBrowser/15.4.2272.3429 Safari/537.36"
193.218.138.64 - - [04/May/2015:12:01:39 +0000] "GET /lib/exe/fetch.php?cache=&media=latex%3A9f89844eb2d0a97cef2a2e368aebf965.png HTTP/1.1" 200 1084 "http://www.algebraical.info/doku.php?id=glossary:element:semigroup:inverse" "Mozilla/5.0 (Windows NT 6.3; WOW64) AppleWebKit/537.36 (KHTML, like Gecko) Chrome/41.0.2272.118 YaBrowser/15.4.2272.3429 Safari/537.36"
193.218.138.64 - - [04/May/2015:12:01:39 +0000] "GET /lib/exe/fetch.php?cache=&media=latex%3A41466748bf14f41563d930da513b7b8a.png HTTP/1.1" 200 209 "http://www.algebraical.info/doku.php?id=glossary:element:semigroup:inverse" "Mozilla/5.0 (Windows NT 6.3; WOW64) AppleWebKit/537.36 (KHTML, like Gecko) Chrome/41.0.2272.118 YaBrowser/15.4.2272.3429 Safari/537.36"
193.218.138.64 - - [04/May/2015:12:01:39 +0000] "GET /lib/images/license/button/cc-by-nc-sa.png HTTP/1.1" 200 403 "http://www.algebraical.info/doku.php?id=glossary:element:semigroup:inverse" "Mozilla/5.0 (Windows NT 6.3; WOW64) AppleWebKit/537.36 (KHTML, like Gecko) Chrome/41.0.2272.118 YaBrowser/15.4.2272.3429 Safari/537.36"
