193.218.138.64 - - [04/May/2015:12:01:39 +0000] "GET /lib/exe/fetch.php?cache=&media=latex%3Aee5db563943fa7de920c8bc98e9fb07d.png HTTP/1.1" 200 356 "http://www.algebraical.info/doku.php?id=glossary:element:semigroup:inverse" "Mozilla/5.0 (Windows NT 6.3; WOW64) AppleWebKit/537.36 (KHTML, like Gecko) Chrome/41.0.2272.118 YaBrowser/15.4.2272.3429 Safari/537.36"
193.218.138.64 - - [04/May/2015:12:01:39 +0000] "GET /lib/tpl/dokubook/images/button-chimeric-de.png HTTP/1.1" 200 296 "http://www.algebraical.info/doku.php?id=glossary:element:semigroup:inverse" "Mozilla/5.0 (Windows NT 6.3; WOW64) AppleWebKit/537.36 (KHTML, like Gecko) Chrome/41.0.2272.118 YaBrowser/15.4.2272.3429 Safari/537.36"
193.218.138.64 - - [04/May/2015:12:01:39 +0000] "GET /lib/tpl/dokubook/images/button-css.png HTTP/1.1" 200 299 "http://www.algebraical.info/doku.php?id=glossary:element:semigroup:inverse" "Mozilla/5.0 (Windows NT 6.3; WOW64) AppleWebKit/537.36 (KHTML, like Gecko) Chrome/41.0.2272.118 YaBrowser/15.4.2272.3429 Safari/537.36"
193.218.138.64 - - [04/May/2015:12:01:39 +0000] "GET /lib/exe/fetch.php?cache=&media=latex%3Ae9b6b4a637824980f22b624500613a3b.png HTTP/1.1" 200 316 "http://www.algebraical.info/doku.php?id=glossary:element:semigroup:inverse" "Mozilla/5.0 (Windows NT 6.3; WOW64) AppleWebKit/537.36 (KHTML, like Gecko) Chrome/41.0.2272.118 YaBrowser/15.4.2272.3429 Safari/537.36"
193.218.138.64 - - [04/May/2015:12:01:39 +0000] "GET /lib/tpl/dokubook/images/button-dw.png HTTP/1.1" 200 427 "http://www.algebraical.info/doku.php?id=glossary:element:semigroup:inverse" "Mozilla/5.0 (Windows NT 6.3; WOW64) AppleWebKit/537.36 (KHTML, like Gecko) Chrome/41.0.2272.118 YaBrowser/15.4.2272.3429 Safari/537.36"
193.218.138.64 - - [04/May/2015:12:01:39 +0000] "GET /lib/tpl/dokubook/images/button-firefox.png HTTP/1.1" 200 1063 "http://www.algebraical.info/doku.php?id=glossary:element:semigroup:inverse" "Mozilla/5.0 (Windows NT 6.3; WOW64) AppleWebKit/537.36 (KHTML, like Gecko) Chrome/41.0.2272.118 YaBrowser/15.4.2272.3429 Safari/537.36"
193.218.138.64 - - [04/May/2015:12:01:39 +0000] "GET /lib/tpl/dokubook/images/button-rss.png HTTP/1.1" 200 280 "http://www.algebraical.info/doku.php?id=glossary:element:semigroup:inverse" "Mozilla/5.0 (Windows NT 6.3; WOW64) AppleWebKit/537.36 (KHTML, like Gecko) Chrome/41.0.2272.118 YaBrowser/15.4.2272.3429 Safari/537.36"
193.218.138.64 - - [04/May/2015:12:01:39 +0000] "GET /lib/exe/fetch.php?cache=&media=latex%3A200f24495868ff1ca199e7cb5ed4df24.png HTTP/1.1" 200 286 "http://www.algebraical.info/doku.php?id=glossary:element:semigroup:inverse" "Mozilla/5.0 (Windows NT 6.3; WOW64) AppleWebKit/537.36 (KHTML, like Gecko) Chrome/41.0.2272.118 YaBrowser/15.4.2272.3429 Safari/537.36"
193.218.138.64 - - [04/May/2015:12:01:39 +0000] "GET /lib/tpl/dokubook/images/button-xhtml.png HTTP/1.1" 200 321 "http://www.algebraical.info/doku.php?id=glossary:element:semigroup:inverse" "Mozilla/5.0 (Windows NT 6.3; WOW64) AppleWebKit/537.36 (KHTML, like Gecko) Chrome/41.0.2272.118 YaBrowser/15.4.2272.3429 Safari/537.36"
193.218.138.64 - - [04/May/2015:12:01:39 +0000] "GET /lib/tpl/dokubook/images/buttonshadow.png HTTP/1.1" 200 257 "http://www.algebraical.info/lib/exe/css.php?t=dokubook&tseed=1404756442" "Mozilla/5.0 (Windows NT 6.3; WOW64) AppleWebKit/537.36 (KHTML, like Gecko) Chrome/41.0.2272.118 YaBrowser/15.4.2272.3429 Safari/537.36"
193.218.138.64 - - [04/May/2015:12:01:39 +0000] "GET /lib/tpl/dokubook/images/link_icon.gif HTTP/1.1" 200 942 "http://www.algebraical.info/lib/exe/css.php?t=dokubook&tseed=1404756442" "Mozilla/5.0 (Windows NT 6.3; WOW64) AppleWebKit/537.36 (KHTML, like Gecko) Chrome/41.0.2272.118 YaBrowser/15.4.2272.3429 Safari/537.36"
193.218.138.64 - - [04/May/2015:12:01:39 +0000] "GET /lib/exe/fetch.php?cache=&media=latex%3Aa850f8b5c69d310b6d024fda73801aa1.png HTTP/1.1" 200 374 "http://www.algebraical.info/doku.php?id=glossary:element:semigroup:inverse" "Mozilla/5.0 (Windows NT 6.3; WOW64) AppleWebKit/537.36 (KHTML, like Gecko) Chrome/41.0.2272.118 YaBrowser/15.4.2272.3429 Safari/537.36"
193.218.138.64 - - [04/May/2015:12:01:40 +0000] "GET /lib/exe/fetch.php?cache=&media=latex%3A85292848ae603ee269f264288daf73ec.png HTTP/1.1" 200 890 "http://www.algebraical.info/doku.php?id=glossary:element:semigroup:inverse" "Mozilla/5.0 (Windows NT 6.3; WOW64) AppleWebKit/537.36 (KHTML, like Gecko) Chrome/41.0.2272.118 YaBrowser/15.4.2272.3429 Safari/537.36"
193.218.138.64 - - [04/May/2015:12:01:40 +0000] "GET /lib/tpl/dokubook/images/favicon.ico HTTP/1.1" 200 7406 "-" "Mozilla/5.0 (Windows NT 6.3; WOW64) AppleWebKit/537.36 (KHTML, like Gecko) Chrome/41.0.2272.118 YaBrowser/15.4.2272.3429 Safari/537.36"
144.76.62.165 - - [04/May/2015:12:01:40 +0000] "GET /doku.php?id=glossary:set&do=login&sectok=2f33c508fc5cf22f0b26a4c97f25b068 HTTP/1.0" 200 5687 "-" "Mozilla/5.0 (compatible; MJ12bot/v1.4.5; http://www.majestic12.co.uk/bot.php?+)"
144.76.62.165 - - [04/May/2015:12:01:43 +0000] "GET /doku.php?id=glossary:set&do=login&sectok=2f8b403d8b24ee9e295db34efe1b99bb HTTP/1.0" 200 5689 "-" "Mozilla/5.0 (compatible; MJ12bot/v1.4.5; http://www.majestic12.co.uk/bot.php?+)"
144.76.62.165 - - [04/May/2015:12:01:46 +0000] "GET /doku.php?id=glossary:set&do=login&sectok=2f9e96b5a58e7d6520006b17b16e1753 HTTP/1.0" 200 5687 "-" "Mozilla/5.0 (compatible; MJ12bot/v1.4.5; http://www.majestic12.co.uk/bot.php?+)"
144.76.62.165 - - [04/May/2015:12:01:49 +0000] "GET /doku.php?id=glossary:set&do=login&sectok=2fa13123af823cdd1aaa268da4a92994 HTTP/1.0" 200 5686 "-" "Mozilla/5.0 (compatible; MJ12bot/v1.4.5; http://www.majestic12.co.uk/bot.php?+)"
144.76.62.165 - - [04/May/2015:12:01:53 +0000] "GET /doku.php?id=glossary:set&do=login&sectok=2fc0526bb9f4a0de0f2dde0d827de6ca HTTP/1.0" 200 5688 "-" "Mozilla/5.0 (compatible; MJ12bot/v1.4.5; http://www.majestic12.co.uk/bot.php?+)"
144.76.62.165 - - [04/May/2015:12:01:55 +0000] "GET /doku.php?id=glossary:set&do=login&sectok=2fc4ceeb513231de01646755684e3dc4 HTTP/1.0" 200 5687 "-" "Mozilla/5.0 (compatible; MJ12bot/v1.4.5; http://www.majestic12.co.uk/bot.php?+)"
144.76.62.165 - - [04/May/2015:12:01:57 +0000] "GET /doku.php?id=glossary:set&do=login&sectok=2fc840b7b748803c98104eba001e7100 HTTP/1.0" 200 5689 "-" "Mozilla/5.0 (compatible; MJ12bot/v1.4.5; http://www.majestic12.co.uk/bot.php?+)"
144.76.62.165 - - [04/May/2015:12:02:01 +0000] "GET /doku.php?id=glossary:set&do=login&sectok=2fcd82f5ad1eeadf248bd9c89f17487b HTTP/1.0" 200 5689 "-" "Mozilla/5.0 (compatible; MJ12bot/v1.4.5; http://www.majestic12.co.uk/bot.php?+)"
144.76.62.165 - - [04/May/2015:12:02:04 +0000] "GET /doku.php?id=glossary:set&do=login&sectok=2fcff53a7064088d535f53e02bc78490 HTTP/1.0" 200 5688 "-" "Mozilla/5.0 (compatible; MJ12bot/v1.4.5; http://www.majestic12.co.uk/bot.php?+)"
66.249.67.80 - - [04/May/2015:12:02:07 +0000] "GET /doku.php?id=glossary:matrix:theorem:laplace HTTP/1.1" 200 8945 "-" "Mozilla/5.0 (compatible; Googlebot/2.1; +http://www.google.com/bot.html)"
144.76.62.165 - - [04/May/2015:12:02:07 +0000] "GET /doku.php?id=glossary:set&do=login&sectok=2fd024235fc2a729b8f828e941dfbee6 HTTP/1.0" 200 5690 "-" "Mozilla/5.0 (compatible; MJ12bot/v1.4.5; http://www.majestic12.co.uk/bot.php?+)"
144.76.62.165 - - [04/May/2015:12:02:11 +0000] "GET /doku.php?id=glossary:set&do=login&sectok=2fd53a6fc7fbaf3aee5a3ea526e9d921 HTTP/1.0" 200 5690 "-" "Mozilla/5.0 (compatible; MJ12bot/v1.4.5; http://www.majestic12.co.uk/bot.php?+)"
144.76.62.165 - - [04/May/2015:12:02:15 +0000] "GET /doku.php?id=glossary:set&do=login&sectok=2fd69420e4103a5e982904aaf214cd3d HTTP/1.0" 200 5689 "-" "Mozilla/5.0 (compatible; MJ12bot/v1.4.5; http://www.majestic12.co.uk/bot.php?+)"
144.76.62.165 - - [04/May/2015:12:02:18 +0000] "GET /doku.php?id=glossary:set&do=login&sectok=2fd700a7a80f1cd8dbbde7458a733d02 HTTP/1.0" 200 5689 "-" "Mozilla/5.0 (compatible; MJ12bot/v1.4.5; http://www.majestic12.co.uk/bot.php?+)"
144.76.62.165 - - [04/May/2015:12:02:23 +0000] "GET /doku.php?id=glossary:set&do=login&sectok=2fd9523dea0dc6cb2574d4a461592a68 HTTP/1.0" 200 5689 "-" "Mozilla/5.0 (compatible; MJ12bot/v1.4.5; http://www.majestic12.co.uk/bot.php?+)"
144.76.62.165 - - [04/May/2015:12:02:26 +0000] "GET /doku.php?id=glossary:set&do=login&sectok=2fd9f65d2f2af88025b5c4839d960112 HTTP/1.0" 200 5689 "-" "Mozilla/5.0 (compatible; MJ12bot/v1.4.5; http://www.majestic12.co.uk/bot.php?+)"
144.76.62.165 - - [04/May/2015:12:02:29 +0000] "GET /doku.php?id=glossary:set&do=login&sectok=2fe1c87a5272fc40d31fc693087b1c3a HTTP/1.0" 200 5688 "-" "Mozilla/5.0 (compatible; MJ12bot/v1.4.5; http://www.majestic12.co.uk/bot.php?+)"
144.76.62.165 - - [04/May/2015:12:02:31 +0000] "GET /doku.php?id=glossary:set&do=login&sectok=2fe56328240335543882bee92e89462e HTTP/1.0" 200 5687 "-" "Mozilla/5.0 (compatible; MJ12bot/v1.4.5; http://www.majestic12.co.uk/bot.php?+)"
144.76.62.165 - - [04/May/2015:12:02:34 +0000] "GET /doku.php?id=glossary:set&do=login&sectok=2fe823a15a6beca3fa094565ba4442ec HTTP/1.0" 200 5689 "-" "Mozilla/5.0 (compatible; MJ12bot/v1.4.5; http://www.majestic12.co.uk/bot.php?+)"
144.76.62.165 - - [04/May/2015:12:02:36 +0000] "GET /doku.php?id=glossary:set&do=login&sectok=2feff9227f64da48f2bb33c449ac2bb6 HTTP/1.0" 200 5689 "-" "Mozilla/5.0 (compatible; MJ12bot/v1.4.5; http://www.majestic12.co.uk/bot.php?+)"
144.76.62.165 - - [04/May/2015:12:02:38 +0000] "GET /doku.php?id=glossary:set&do=login&sectok=2ff087c3afa4b989751f186bdb31a1da HTTP/1.0" 200 5687 "-" "Mozilla/5.0 (compatible; MJ12bot/v1.4.5; http://www.majestic12.co.uk/bot.php?+)"
144.76.62.165 - - [04/May/2015:12:02:42 +0000] "GET /doku.php?id=glossary:set&do=login&sectok=2ff24bb9f4f91e5075f36e7a0334f18b HTTP/1.0" 200 5687 "-" "Mozilla/5.0 (compatible; MJ12bot/v1.4.5; http://www.majestic12.co.uk/bot.php?+)"
144.76.62.165 - - [04/May/2015:12:02:43 +0000] "GET /doku.php?id=glossary:set&do=login&sectok=2ff3aa008b156bfeea98ecf7b4c3f0d1 HTTP/1.0" 200 5688 "-" "Mozilla/5.0 (compatible; MJ12bot/v1.4.5; http://www.majestic12.co.uk/bot.php?+)"
144.76.62.165 - - [04/May/2015:12:02:47 +0000] "GET /doku.php?id=glossary:set&do=login&sectok=3056b392a841daab3f9bc659e819c585 HTTP/1.0" 200 5689 "-" "Mozilla/5.0 (compatible; MJ12bot/v1.4.5; http://www.majestic12.co.uk/bot.php?+)"
144.76.62.165 - - [04/May/2015:12:02:49 +0000] "GET /doku.php?id=glossary:set&do=login&sectok=30789d3fcd7d03b3f7dff32c9d68ebc1 HTTP/1.0" 200 5689 "-" "Mozilla/5.0 (compatible; MJ12bot/v1.4.5; http://www.majestic12.co.uk/bot.php?+)"
144.76.62.165 - - [04/May/2015:12:02:51 +0000] "GET /doku.php?id=glossary:set&do=login&sectok=307a64081d4ea9a6e64300234c1983ad HTTP/1.0" 200 5687 "-" "Mozilla/5.0 (compatible; MJ12bot/v1.4.5; http://www.majestic12.co.uk/bot.php?+)"
95.160.59.28 - - [04/May/2015:12:02:53 +0000] "GET /doku.php?id=wiki:dokuwiki HTTP/1.1" 200 7164 "http://www.algebraic.ru/" "Mozilla/5.0 (X11; CrOS x86_64 6310.68.0) AppleWebKit/537.36 (KHTML, like Gecko) Chrome/39.0.2171.96 Safari/537.36"
95.160.59.28 - - [04/May/2015:12:02:53 +0000] "GET /doku.php?id=wiki:dokuwiki&do=login&sectok=a340c0c34df484255ca36c2ed5850d81 HTTP/1.1" 200 5696 "http://www.algebraical.info/" "Mozilla/5.0 (X11; CrOS x86_64 6310.68.0) AppleWebKit/537.36 (KHTML, like Gecko) Chrome/39.0.2171.96 Safari/537.36"
95.160.59.28 - - [04/May/2015:12:02:54 +0000] "GET /doku.php?do=register HTTP/1.1" 200 6549 "http://www.algebraical.info/doku.php?id=wiki:dokuwiki&do=login&sectok=a340c0c34df484255ca36c2ed5850d81" "Mozilla/5.0 (X11; CrOS x86_64 6310.68.0) AppleWebKit/537.36 (KHTML, like Gecko) Chrome/39.0.2171.96 Safari/537.36"
144.76.62.165 - - [04/May/2015:12:02:55 +0000] "GET /doku.php?id=glossary:set&do=login&sectok=3772f3d6102920271be621b7ac0aece3 HTTP/1.0" 200 5691 "-" "Mozilla/5.0 (compatible; MJ12bot/v1.4.5; http://www.majestic12.co.uk/bot.php?+)"
107.182.115.190 - - [04/May/2015:12:02:56 +0000] "GET /doku.php?id=wiki%3asyntax HTTP/1.0" 200 16523 "http://www.algebraical.info/" "Mozilla/5.0 (Windows NT 6.1) AppleWebKit/537.36 (KHTML, like Gecko) Chrome/39.0.2171.95 Safari/537.36"
66.249.67.88 - - [04/May/2015:12:02:57 +0000] "GET /doku.php?id=glossary:element:groupoid:identity HTTP/1.1" 200 7706 "-" "Mozilla/5.0 (compatible; Googlebot/2.1; +http://www.google.com/bot.html)"
144.76.62.165 - - [04/May/2015:12:03:01 +0000] "GET /doku.php?id=glossary:set&do=login&sectok=4073f6a7798c80acd8b1a27554246a53 HTTP/1.0" 200 5687 "-" "Mozilla/5.0 (compatible; MJ12bot/v1.4.5; http://www.majestic12.co.uk/bot.php?+)"
107.182.115.190 - - [04/May/2015:12:03:02 +0000] "GET /doku.php?id=wiki:syntax&do=login&sectok=e87c0febf872c89fe285a6731e510631 HTTP/1.1" 200 5715 "http://www.algebraical.info/" "Mozilla/5.0 (Windows NT 6.1) AppleWebKit/537.36 (KHTML, like Gecko) Chrome/39.0.2171.95 Safari/537.36"
144.76.62.165 - - [04/May/2015:12:03:03 +0000] "GET /doku.php?id=glossary:set&do=login&sectok=415fc6e917b2577cbc26c0cd353dc798 HTTP/1.0" 200 5688 "-" "Mozilla/5.0 (compatible; MJ12bot/v1.4.5; http://www.majestic12.co.uk/bot.php?+)"
107.182.115.190 - - [04/May/2015:12:03:04 +0000] "GET /doku.php?do=register HTTP/1.1" 200 6550 "http://www.algebraical.info/doku.php?id=wiki:syntax&do=login&sectok=e87c0febf872c89fe285a6731e510631" "Mozilla/5.0 (Windows NT 6.1) AppleWebKit/537.36 (KHTML, like Gecko) Chrome/39.0.2171.95 Safari/537.36"
144.76.62.165 - - [04/May/2015:12:03:05 +0000] "GET /doku.php?id=glossary:set&do=login&sectok=42893831cdc1e2148ece0d842d9c4a77 HTTP/1.0" 200 5687 "-" "Mozilla/5.0 (compatible; MJ12bot/v1.4.5; http://www.majestic12.co.uk/bot.php?+)"
144.76.62.165 - - [04/May/2015:12:03:07 +0000] "GET /doku.php?id=glossary:set&do=login&sectok=42fbd8a8e35fdfcc73f2f0db384476ef HTTP/1.0" 200 5689 "-" "Mozilla/5.0 (compatible; MJ12bot/v1.4.5; http://www.majestic12.co.uk/bot.php?+)"
144.76.62.165 - - [04/May/2015:12:03:09 +0000] "GET /doku.php?id=glossary:set&do=login&sectok=43021a9d0470e0bb51c96a3d349dedd5 HTTP/1.0" 200 5687 "-" "Mozilla/5.0 (compatible; MJ12bot/v1.4.5; http://www.majestic12.co.uk/bot.php?+)"
144.76.62.165 - - [04/May/2015:12:03:11 +0000] "GET /doku.php?id=glossary:set&do=login&sectok=430886d28e66ece31718a5ba7fb39d92 HTTP/1.0" 200 5688 "-" "Mozilla/5.0 (compatible; MJ12bot/v1.4.5; http://www.majestic12.co.uk/bot.php?+)"
144.76.62.165 - - [04/May/2015:12:03:19 +0000] "GET /doku.php?id=glossary:set&do=login&sectok=4308c326fc5f5d5c4fa51fe814f9125b HTTP/1.0" 200 5688 "-" "Mozilla/5.0 (compatible; MJ12bot/v1.4.5; http://www.majestic12.co.uk/bot.php?+)"
144.76.62.165 - - [04/May/2015:12:03:23 +0000] "GET /doku.php?id=glossary:set&do=login&sectok=430c99537ceb5e3180b1d04d402e3df1 HTTP/1.0" 200 5688 "-" "Mozilla/5.0 (compatible; MJ12bot/v1.4.5; http://www.majestic12.co.uk/bot.php?+)"
144.76.62.165 - - [04/May/2015:12:03:24 +0000] "GET /doku.php?id=glossary:set&do=login&sectok=431f116cedfe7306976257ea7be9ca6e HTTP/1.0" 200 5689 "-" "Mozilla/5.0 (compatible; MJ12bot/v1.4.5; http://www.majestic12.co.uk/bot.php?+)"
46.229.164.111 - - [04/May/2015:12:03:28 +0000] "GET /doku.php?do=login&id=glossary:geometry:elementary:vector&sectok=5db2434b5a1183ba93e9af77519c6744 HTTP/1.1" 200 5748 "-" "Mozilla/5.0 (compatible; SemrushBot/0.98~bl; +http://www.semrush.com/bot.html)"
144.76.62.165 - - [04/May/2015:12:03:29 +0000] "GET /doku.php?id=glossary:set&do=login&sectok=431f91d5d088054be908287a42d15c24 HTTP/1.0" 200 5689 "-" "Mozilla/5.0 (compatible; MJ12bot/v1.4.5; http://www.majestic12.co.uk/bot.php?+)"
66.249.67.88 - - [04/May/2015:12:03:29 +0000] "GET /doku.php?id=glossary:set:complex HTTP/1.1" 200 10376 "-" "Mozilla/5.0 (compatible; Googlebot/2.1; +http://www.google.com/bot.html)"
66.249.67.80 - - [04/May/2015:12:03:31 +0000] "GET /doku.php?id=glossary:polynomial:characteristic HTTP/1.1" 200 10249 "-" "Mozilla/5.0 (compatible; Googlebot/2.1; +http://www.google.com/bot.html)"
192.161.185.83 - - [04/May/2015:12:03:31 +0000] "GET /doku.php?id=wiki%3asyntax HTTP/1.1" 200 16548 "http://www.algebraic.ru/" "Mozilla/4.0 (compatible; MSIE 8.0; Windows NT 6.0; Trident/4.0; Mozilla/4.0 (compatible; MSIE 6.0; Windows NT 5.1; SV1) ; .NET CLR 3.5.30729)"
144.76.62.165 - - [04/May/2015:12:03:37 +0000] "GET /doku.php?id=glossary:set&do=login&sectok=4329aab9d3803aa2be79b2a10631231d HTTP/1.0" 200 5687 "-" "Mozilla/5.0 (compatible; MJ12bot/v1.4.5; http://www.majestic12.co.uk/bot.php?+)"
144.76.62.165 - - [04/May/2015:12:03:40 +0000] "GET /doku.php?id=glossary:set&do=login&sectok=43389f7833928c5871ee711b96ba2c3a HTTP/1.0" 200 5688 "-" "Mozilla/5.0 (compatible; MJ12bot/v1.4.5; http://www.majestic12.co.uk/bot.php?+)"
144.76.62.165 - - [04/May/2015:12:03:43 +0000] "GET /doku.php?id=glossary:set&do=login&sectok=43403e0b103afcccc1c7e71c5a787d79 HTTP/1.0" 200 5686 "-" "Mozilla/5.0 (compatible; MJ12bot/v1.4.5; http://www.majestic12.co.uk/bot.php?+)"
144.76.62.165 - - [04/May/2015:12:03:47 +0000] "GET /doku.php?id=glossary:set&do=login&sectok=436b9368d8b267538a7d96994f950dff HTTP/1.0" 200 5689 "-" "Mozilla/5.0 (compatible; MJ12bot/v1.4.5; http://www.majestic12.co.uk/bot.php?+)"
144.76.62.165 - - [04/May/2015:12:03:50 +0000] "GET /doku.php?id=glossary:set&do=login&sectok=4407507121cc0d59dba4576f0444699d HTTP/1.0" 200 5688 "-" "Mozilla/5.0 (compatible; MJ12bot/v1.4.5; http://www.majestic12.co.uk/bot.php?+)"
144.76.62.165 - - [04/May/2015:12:03:52 +0000] "GET /doku.php?id=glossary:set&do=login&sectok=441cac615cb427623c9ed8ca9db657cb HTTP/1.0" 200 5688 "-" "Mozilla/5.0 (compatible; MJ12bot/v1.4.5; http://www.majestic12.co.uk/bot.php?+)"
144.76.62.165 - - [04/May/2015:12:03:55 +0000] "GET /doku.php?id=glossary:set&do=login&sectok=466f394358d82819521f9c63aca80436 HTTP/1.0" 200 5686 "-" "Mozilla/5.0 (compatible; MJ12bot/v1.4.5; http://www.majestic12.co.uk/bot.php?+)"
144.76.62.165 - - [04/May/2015:12:03:58 +0000] "GET /doku.php?id=glossary:set&do=login&sectok=46778c5598842220b0e657d1a06a49d8 HTTP/1.0" 200 5687 "-" "Mozilla/5.0 (compatible; MJ12bot/v1.4.5; http://www.majestic12.co.uk/bot.php?+)"
144.76.62.165 - - [04/May/2015:12:04:02 +0000] "GET /doku.php?id=glossary:set&do=login&sectok=467ec5832632c232310436f719e832b7 HTTP/1.0" 200 5688 "-" "Mozilla/5.0 (compatible; MJ12bot/v1.4.5; http://www.majestic12.co.uk/bot.php?+)"
144.76.62.165 - - [04/May/2015:12:04:04 +0000] "GET /doku.php?id=glossary:set&do=login&sectok=48a49ba90ba58948c7ab916adc15626e HTTP/1.0" 200 5687 "-" "Mozilla/5.0 (compatible; MJ12bot/v1.4.5; http://www.majestic12.co.uk/bot.php?+)"
144.76.62.165 - - [04/May/2015:12:04:09 +0000] "GET /doku.php?id=glossary:set&do=login&sectok=54e7a5f8c0a05f449c178783b01c9055 HTTP/1.0" 200 5690 "-" "Mozilla/5.0 (compatible; MJ12bot/v1.4.5; http://www.majestic12.co.uk/bot.php?+)"
144.76.62.165 - - [04/May/2015:12:04:14 +0000] "GET /doku.php?id=glossary:set&do=login&sectok=6146755b2668375c240d9cd19e67113e HTTP/1.0" 200 5689 "-" "Mozilla/5.0 (compatible; MJ12bot/v1.4.5; http://www.majestic12.co.uk/bot.php?+)"
144.76.62.165 - - [04/May/2015:12:04:18 +0000] "GET /doku.php?id=glossary:set&do=login&sectok=6a715902c2e6884b76d8bb84c3a38b40 HTTP/1.0" 200 5690 "-" "Mozilla/5.0 (compatible; MJ12bot/v1.4.5; http://www.majestic12.co.uk/bot.php?+)"
144.76.62.165 - - [04/May/2015:12:04:21 +0000] "GET /doku.php?id=glossary:set&do=login&sectok=6a94d3455e0c6d21fcb76c37b5fe5c2e HTTP/1.0" 200 5687 "-" "Mozilla/5.0 (compatible; MJ12bot/v1.4.5; http://www.majestic12.co.uk/bot.php?+)"
144.76.62.165 - - [04/May/2015:12:04:24 +0000] "GET /doku.php?id=glossary:set&do=login&sectok=6ab0b3e0f30780eaeb28e23e9cd7a6fa HTTP/1.0" 200 5688 "-" "Mozilla/5.0 (compatible; MJ12bot/v1.4.5; http://www.majestic12.co.uk/bot.php?+)"
144.76.62.165 - - [04/May/2015:12:04:26 +0000] "GET /doku.php?id=glossary:set&do=login&sectok=6ac76ccd713821d244b43fbfda57e5ab HTTP/1.0" 200 5689 "-" "Mozilla/5.0 (compatible; MJ12bot/v1.4.5; http://www.majestic12.co.uk/bot.php?+)"
144.76.62.165 - - [04/May/2015:12:04:30 +0000] "GET /doku.php?id=glossary:set&do=login&sectok=71a1cb34f28786e0307dbcab28820d35 HTTP/1.0" 200 5688 "-" "Mozilla/5.0 (compatible; MJ12bot/v1.4.5; http://www.majestic12.co.uk/bot.php?+)"
66.249.67.88 - - [04/May/2015:12:04:33 +0000] "GET /doku.php?id=glossary:relation:binary HTTP/1.1" 200 9057 "-" "Mozilla/5.0 (compatible; Googlebot/2.1; +http://www.google.com/bot.html)"
144.76.62.165 - - [04/May/2015:12:04:34 +0000] "GET /doku.php?id=glossary:set&do=login&sectok=71af6f3b4fed0b1d328e7841da8f0746 HTTP/1.0" 200 5687 "-" "Mozilla/5.0 (compatible; MJ12bot/v1.4.5; http://www.majestic12.co.uk/bot.php?+)"
144.76.62.165 - - [04/May/2015:12:04:37 +0000] "GET /doku.php?id=glossary:set&do=login&sectok=71caa7559890f99f186b7666c5935a59 HTTP/1.0" 200 5686 "-" "Mozilla/5.0 (compatible; MJ12bot/v1.4.5; http://www.majestic12.co.uk/bot.php?+)"
144.76.62.165 - - [04/May/2015:12:04:40 +0000] "GET /doku.php?id=glossary:set&do=login&sectok=7200a95dccb7abd4397ea86c05196973 HTTP/1.0" 200 5687 "-" "Mozilla/5.0 (compatible; MJ12bot/v1.4.5; http://www.majestic12.co.uk/bot.php?+)"
118.186.207.44 - - [04/May/2015:12:04:43 +0000] "GET /doku.php?id=wiki%3asyntax HTTP/1.1" 200 16549 "http://www.algebraic.ru/" "Mozilla/5.0 (X11; CrOS x86_64 6310.68.0) AppleWebKit/537.36 (KHTML, like Gecko) Chrome/39.0.2171.96 Safari/537.36"
118.186.207.44 - - [04/May/2015:12:04:44 +0000] "GET /doku.php?id=wiki:syntax&do=login&sectok=26bc5435b2f22a4761d612d6ef5915f4 HTTP/1.1" 200 5715 "http://www.algebraical.info/" "Mozilla/5.0 (X11; CrOS x86_64 6310.68.0) AppleWebKit/537.36 (KHTML, like Gecko) Chrome/39.0.2171.96 Safari/537.36"
144.76.62.165 - - [04/May/2015:12:04:44 +0000] "GET /doku.php?id=glossary:set&do=login&sectok=721005bdf445d787259f2d1491325756 HTTP/1.0" 200 5686 "-" "Mozilla/5.0 (compatible; MJ12bot/v1.4.5; http://www.majestic12.co.uk/bot.php?+)"
118.186.207.44 - - [04/May/2015:12:04:45 +0000] "GET /doku.php?do=register HTTP/1.1" 200 6543 "http://www.algebraical.info/doku.php?id=wiki:syntax&do=login&sectok=26bc5435b2f22a4761d612d6ef5915f4" "Mozilla/5.0 (X11; CrOS x86_64 6310.68.0) AppleWebKit/537.36 (KHTML, like Gecko) Chrome/39.0.2171.96 Safari/537.36"
144.76.62.165 - - [04/May/2015:12:04:48 +0000] "GET /doku.php?id=glossary:set&do=login&sectok=723555afcbe8f51032e3db3a83029972 HTTP/1.0" 200 5690 "-" "Mozilla/5.0 (compatible; MJ12bot/v1.4.5; http://www.majestic12.co.uk/bot.php?+)"
144.76.62.165 - - [04/May/2015:12:04:52 +0000] "GET /doku.php?id=glossary:set&do=login&sectok=8b76137616164af10818ddd6a3ec41b3 HTTP/1.0" 200 5688 "-" "Mozilla/5.0 (compatible; MJ12bot/v1.4.5; http://www.majestic12.co.uk/bot.php?+)"
144.76.62.165 - - [04/May/2015:12:04:55 +0000] "GET /doku.php?id=glossary:set&do=login&sectok=8bc9eb6cda8b57241bc23cdeb6b77458 HTTP/1.0" 200 5689 "-" "Mozilla/5.0 (compatible; MJ12bot/v1.4.5; http://www.majestic12.co.uk/bot.php?+)"
144.76.62.165 - - [04/May/2015:12:04:57 +0000] "GET /doku.php?id=glossary:set&do=login&sectok=8ff99429f7ff36227073feeca4eb3029 HTTP/1.0" 200 5689 "-" "Mozilla/5.0 (compatible; MJ12bot/v1.4.5; http://www.majestic12.co.uk/bot.php?+)"
144.76.62.165 - - [04/May/2015:12:05:00 +0000] "GET /doku.php?id=glossary:set&do=login&sectok=9013df09e46a0ac2dec0edba700fc800 HTTP/1.0" 200 5685 "-" "Mozilla/5.0 (compatible; MJ12bot/v1.4.5; http://www.majestic12.co.uk/bot.php?+)"
144.76.62.165 - - [04/May/2015:12:05:05 +0000] "GET /doku.php?id=glossary:set&do=login&sectok=a48079788c1add759b83c75f1096659b HTTP/1.0" 200 5687 "-" "Mozilla/5.0 (compatible; MJ12bot/v1.4.5; http://www.majestic12.co.uk/bot.php?+)"
144.76.62.165 - - [04/May/2015:12:05:07 +0000] "GET /doku.php?id=glossary:set&do=login&sectok=a4811767cdb1bf037e12a67292dd6a0e HTTP/1.0" 200 5688 "-" "Mozilla/5.0 (compatible; MJ12bot/v1.4.5; http://www.majestic12.co.uk/bot.php?+)"
144.76.62.165 - - [04/May/2015:12:05:11 +0000] "GET /doku.php?id=glossary:set&do=login&sectok=a49fc305bb05807d6919afae13b6a7f7 HTTP/1.0" 200 5687 "-" "Mozilla/5.0 (compatible; MJ12bot/v1.4.5; http://www.majestic12.co.uk/bot.php?+)"
144.76.62.165 - - [04/May/2015:12:05:14 +0000] "GET /doku.php?id=glossary:set&do=login&sectok=a936607801e1fc97ec0a14ca12567554 HTTP/1.0" 200 5687 "-" "Mozilla/5.0 (compatible; MJ12bot/v1.4.5; http://www.majestic12.co.uk/bot.php?+)"
144.76.62.165 - - [04/May/2015:12:05:18 +0000] "GET /doku.php?id=glossary:set&do=login&sectok=a945d12cc092324e83821b5443a0239b HTTP/1.0" 200 5688 "-" "Mozilla/5.0 (compatible; MJ12bot/v1.4.5; http://www.majestic12.co.uk/bot.php?+)"
144.76.62.165 - - [04/May/2015:12:05:21 +0000] "GET /doku.php?id=glossary:set&do=login&sectok=a978f55bc9a806e37bd26b54f6512a49 HTTP/1.0" 200 5686 "-" "Mozilla/5.0 (compatible; MJ12bot/v1.4.5; http://www.majestic12.co.uk/bot.php?+)"
144.76.62.165 - - [04/May/2015:12:05:26 +0000] "GET /doku.php?id=glossary:set&do=login&sectok=a9857358914083882f233e4f6f0cbf70 HTTP/1.0" 200 5687 "-" "Mozilla/5.0 (compatible; MJ12bot/v1.4.5; http://www.majestic12.co.uk/bot.php?+)"
144.76.62.165 - - [04/May/2015:12:05:30 +0000] "GET /doku.php?id=glossary:set&do=login&sectok=abbab72350d8c449be675d349f9755f0 HTTP/1.0" 200 5688 "-" "Mozilla/5.0 (compatible; MJ12bot/v1.4.5; http://www.majestic12.co.uk/bot.php?+)"
144.76.62.165 - - [04/May/2015:12:05:33 +0000] "GET /doku.php?id=glossary:set&do=login&sectok=ac54fabee9ba9d4fb102ccf2fcb62458 HTTP/1.0" 200 5689 "-" "Mozilla/5.0 (compatible; MJ12bot/v1.4.5; http://www.majestic12.co.uk/bot.php?+)"
144.76.62.165 - - [04/May/2015:12:05:35 +0000] "GET /doku.php?id=glossary:set&do=login&sectok=ac97e9edf7b2a27325d16d0988fd0e7d HTTP/1.0" 200 5689 "-" "Mozilla/5.0 (compatible; MJ12bot/v1.4.5; http://www.majestic12.co.uk/bot.php?+)"
144.76.62.165 - - [04/May/2015:12:05:39 +0000] "GET /doku.php?id=glossary:set&do=login&sectok=aca09861044e787e9fc57a3cb5e11a2f HTTP/1.0" 200 5688 "-" "Mozilla/5.0 (compatible; MJ12bot/v1.4.5; http://www.majestic12.co.uk/bot.php?+)"
144.76.62.165 - - [04/May/2015:12:05:43 +0000] "GET /doku.php?id=glossary:set&do=login&sectok=acb7b51458e7ee8ddc5267151e617db0 HTTP/1.0" 200 5687 "-" "Mozilla/5.0 (compatible; MJ12bot/v1.4.5; http://www.majestic12.co.uk/bot.php?+)"
144.76.62.165 - - [04/May/2015:12:05:47 +0000] "GET /doku.php?id=glossary:set&do=login&sectok=aceef890c260592298a99530d4ba9df8 HTTP/1.0" 200 5688 "-" "Mozilla/5.0 (compatible; MJ12bot/v1.4.5; http://www.majestic12.co.uk/bot.php?+)"
144.76.62.165 - - [04/May/2015:12:05:51 +0000] "GET /doku.php?id=glossary:set&do=login&sectok=ad0ed0181b7063da5a65451a5047acf6 HTTP/1.0" 200 5688 "-" "Mozilla/5.0 (compatible; MJ12bot/v1.4.5; http://www.majestic12.co.uk/bot.php?+)"
144.76.62.165 - - [04/May/2015:12:05:55 +0000] "GET /doku.php?id=glossary:set&do=login&sectok=c4fb36f951f838aac88139aae108fe8d HTTP/1.0" 200 5687 "-" "Mozilla/5.0 (compatible; MJ12bot/v1.4.5; http://www.majestic12.co.uk/bot.php?+)"
144.76.62.165 - - [04/May/2015:12:05:58 +0000] "GET /doku.php?id=glossary:set&do=login&sectok=c58a2f87a8e1c575cbb04f45634654d2 HTTP/1.0" 200 5688 "-" "Mozilla/5.0 (compatible; MJ12bot/v1.4.5; http://www.majestic12.co.uk/bot.php?+)"
144.76.62.165 - - [04/May/2015:12:06:02 +0000] "GET /doku.php?id=glossary:set&do=login&sectok=cfcfcecdb23b73e17ffbb0ea3a5e715e HTTP/1.0" 200 5688 "-" "Mozilla/5.0 (compatible; MJ12bot/v1.4.5; http://www.majestic12.co.uk/bot.php?+)"
144.76.62.165 - - [04/May/2015:12:06:09 +0000] "GET /doku.php?id=glossary:set&do=login&sectok=d00e496e2af044eb4aae06a71b96cb31 HTTP/1.0" 200 5689 "-" "Mozilla/5.0 (compatible; MJ12bot/v1.4.5; http://www.majestic12.co.uk/bot.php?+)"
144.76.62.165 - - [04/May/2015:12:06:11 +0000] "GET /doku.php?id=glossary:set&do=login&sectok=d0365672777120109d99230018fca2ca HTTP/1.0" 200 5688 "-" "Mozilla/5.0 (compatible; MJ12bot/v1.4.5; http://www.majestic12.co.uk/bot.php?+)"
144.76.62.165 - - [04/May/2015:12:06:13 +0000] "GET /doku.php?id=glossary:set&do=login&sectok=d0378c054d0f490b6e1977dc7c04474f HTTP/1.0" 200 5686 "-" "Mozilla/5.0 (compatible; MJ12bot/v1.4.5; http://www.majestic12.co.uk/bot.php?+)"
144.76.62.165 - - [04/May/2015:12:06:15 +0000] "GET /doku.php?id=glossary:set&do=login&sectok=d03a72b8f4975cdc49c07beec16b065c HTTP/1.0" 200 5687 "-" "Mozilla/5.0 (compatible; MJ12bot/v1.4.5; http://www.majestic12.co.uk/bot.php?+)"
144.76.62.165 - - [04/May/2015:12:06:21 +0000] "GET /doku.php?id=glossary:set&do=login&sectok=d051cc426b810167d90e7eb15d627740 HTTP/1.0" 200 5688 "-" "Mozilla/5.0 (compatible; MJ12bot/v1.4.5; http://www.majestic12.co.uk/bot.php?+)"
144.76.62.165 - - [04/May/2015:12:06:23 +0000] "GET /doku.php?id=glossary:set&do=login&sectok=d05efea6ef2f734c6b180c49b78af298 HTTP/1.0" 200 5689 "-" "Mozilla/5.0 (compatible; MJ12bot/v1.4.5; http://www.majestic12.co.uk/bot.php?+)"
37.48.77.225 - - [04/May/2015:12:06:25 +0000] "GET /doku.php?id=wiki%3asyntax/RK=0/RS=Z4GHVuSPbvFDnla4DYBhZ3hJ2WE- HTTP/1.1" 200 5485 "http://www.algebraical.info/" "Mozilla/5.0 (Windows NT 6.1) AppleWebKit/537.36 (KHTML, like Gecko) Chrome/39.0.2171.95 Safari/537.36"
37.48.77.225 - - [04/May/2015:12:06:25 +0000] "GET /doku.php?id=wiki:syntax_rk_0_rs_z4ghvuspbvfdnla4dybhz3hj2we&do=login&sectok=08f064ac77ccb0fb4c7ffc6889433014 HTTP/1.1" 200 5697 "http://www.algebraical.info/" "Mozilla/5.0 (Windows NT 6.1) AppleWebKit/537.36 (KHTML, like Gecko) Chrome/39.0.2171.95 Safari/537.36"
37.48.77.225 - - [04/May/2015:12:06:25 +0000] "GET /doku.php?do=register HTTP/1.1" 200 6544 "http://www.algebraical.info/doku.php?id=wiki:syntax_rk_0_rs_z4ghvuspbvfdnla4dybhz3hj2we&do=login&sectok=08f064ac77ccb0fb4c7ffc6889433014" "Mozilla/5.0 (Windows NT 6.1) AppleWebKit/537.36 (KHTML, like Gecko) Chrome/39.0.2171.95 Safari/537.36"
46.229.164.111 - - [04/May/2015:12:06:25 +0000] "GET /doku.php?do=media&id=glossary:module:limit:projective&ns=glossary%3Amodule%3Alimit HTTP/1.1" 200 6065 "-" "Mozilla/5.0 (compatible; SemrushBot/0.98~bl; +http://www.semrush.com/bot.html)"
144.76.62.165 - - [04/May/2015:12:06:25 +0000] "GET /doku.php?id=glossary:set&do=login&sectok=d062ef05385b3743506a216e05b0305a HTTP/1.0" 200 5689 "-" "Mozilla/5.0 (compatible; MJ12bot/v1.4.5; http://www.majestic12.co.uk/bot.php?+)"
144.76.62.165 - - [04/May/2015:12:06:30 +0000] "GET /doku.php?id=glossary:set&do=login&sectok=d0630c6669acb8dba1b5d9fe889fa8b6 HTTP/1.0" 200 5689 "-" "Mozilla/5.0 (compatible; MJ12bot/v1.4.5; http://www.majestic12.co.uk/bot.php?+)"
144.76.62.165 - - [04/May/2015:12:06:32 +0000] "GET /doku.php?id=glossary:set&do=login&sectok=d0946abc2b535e64dd43c741f138309d HTTP/1.0" 200 5688 "-" "Mozilla/5.0 (compatible; MJ12bot/v1.4.5; http://www.majestic12.co.uk/bot.php?+)"
144.76.62.165 - - [04/May/2015:12:06:37 +0000] "GET /doku.php?id=glossary:set&do=login&sectok=d17de431c34a55d8d0081353437d4fd8 HTTP/1.0" 200 5687 "-" "Mozilla/5.0 (compatible; MJ12bot/v1.4.5; http://www.majestic12.co.uk/bot.php?+)"
144.76.62.165 - - [04/May/2015:12:06:41 +0000] "GET /doku.php?id=glossary:set&do=login&sectok=d18b7b5ef9306786ff82ffc17d63cb58 HTTP/1.0" 200 5687 "-" "Mozilla/5.0 (compatible; MJ12bot/v1.4.5; http://www.majestic12.co.uk/bot.php?+)"
144.76.62.165 - - [04/May/2015:12:06:46 +0000] "GET /doku.php?id=glossary:set&do=login&sectok=d19a2e898841519d7f4d64cf0edb53d9 HTTP/1.0" 200 5686 "-" "Mozilla/5.0 (compatible; MJ12bot/v1.4.5; http://www.majestic12.co.uk/bot.php?+)"
144.76.62.165 - - [04/May/2015:12:06:52 +0000] "GET /doku.php?id=glossary:set&do=login&sectok=d1adb36a3c63d2c801f415c8324329eb HTTP/1.0" 200 5688 "-" "Mozilla/5.0 (compatible; MJ12bot/v1.4.5; http://www.majestic12.co.uk/bot.php?+)"
144.76.62.165 - - [04/May/2015:12:06:56 +0000] "GET /doku.php?id=glossary:set&do=login&sectok=d1bc9db5db3cee989482b2b932982232 HTTP/1.0" 200 5688 "-" "Mozilla/5.0 (compatible; MJ12bot/v1.4.5; http://www.majestic12.co.uk/bot.php?+)"
144.76.62.165 - - [04/May/2015:12:07:01 +0000] "GET /doku.php?id=glossary:set&do=login&sectok=d1e56ddf39bd096f6a79354d4da7181a HTTP/1.0" 200 5688 "-" "Mozilla/5.0 (compatible; MJ12bot/v1.4.5; http://www.majestic12.co.uk/bot.php?+)"
144.76.62.165 - - [04/May/2015:12:07:04 +0000] "GET /doku.php?id=glossary:set&do=login&sectok=d1f0c6dc3764e46d3a5556df289aad31 HTTP/1.0" 200 5690 "-" "Mozilla/5.0 (compatible; MJ12bot/v1.4.5; http://www.majestic12.co.uk/bot.php?+)"
144.76.62.165 - - [04/May/2015:12:07:09 +0000] "GET /doku.php?id=glossary:set&do=login&sectok=d1fe35490fec42cde94956cd3965eb1a HTTP/1.0" 200 5686 "-" "Mozilla/5.0 (compatible; MJ12bot/v1.4.5; http://www.majestic12.co.uk/bot.php?+)"
144.76.62.165 - - [04/May/2015:12:07:13 +0000] "GET /doku.php?id=glossary:set&do=login&sectok=d2037bc36db54d3e06da74c20146efe1 HTTP/1.0" 200 5688 "-" "Mozilla/5.0 (compatible; MJ12bot/v1.4.5; http://www.majestic12.co.uk/bot.php?+)"
144.76.62.165 - - [04/May/2015:12:07:17 +0000] "GET /doku.php?id=glossary:set&do=login&sectok=d2047d64739ea67c8f2952e4131b8739 HTTP/1.0" 200 5688 "-" "Mozilla/5.0 (compatible; MJ12bot/v1.4.5; http://www.majestic12.co.uk/bot.php?+)"
144.76.62.165 - - [04/May/2015:12:07:21 +0000] "GET /doku.php?id=glossary:set&do=login&sectok=d21386a3627c30f1dbadb73711b835a6 HTTP/1.0" 200 5688 "-" "Mozilla/5.0 (compatible; MJ12bot/v1.4.5; http://www.majestic12.co.uk/bot.php?+)"
144.76.62.165 - - [04/May/2015:12:07:25 +0000] "GET /doku.php?id=glossary:set&do=login&sectok=d249001535aa2d970806a1be82e8698d HTTP/1.0" 200 5687 "-" "Mozilla/5.0 (compatible; MJ12bot/v1.4.5; http://www.majestic12.co.uk/bot.php?+)"
144.76.62.165 - - [04/May/2015:12:07:29 +0000] "GET /doku.php?id=glossary:set&do=login&sectok=d2497b1b6b08a24a795708d03d179cb7 HTTP/1.0" 200 5689 "-" "Mozilla/5.0 (compatible; MJ12bot/v1.4.5; http://www.majestic12.co.uk/bot.php?+)"
144.76.62.165 - - [04/May/2015:12:07:33 +0000] "GET /doku.php?id=glossary:set&do=login&sectok=d24fc2b82ef67a91d4ca572236db5fe4 HTTP/1.0" 200 5686 "-" "Mozilla/5.0 (compatible; MJ12bot/v1.4.5; http://www.majestic12.co.uk/bot.php?+)"
144.76.62.165 - - [04/May/2015:12:07:36 +0000] "GET /doku.php?id=glossary:set&do=login&sectok=d29c12fcb1dc129eb60d21d047b0f4aa HTTP/1.0" 200 5688 "-" "Mozilla/5.0 (compatible; MJ12bot/v1.4.5; http://www.majestic12.co.uk/bot.php?+)"
144.76.62.165 - - [04/May/2015:12:07:39 +0000] "GET /doku.php?id=glossary:set&do=login&sectok=d2b42eb66107cc5fbe26020e7ebd31b0 HTTP/1.0" 200 5688 "-" "Mozilla/5.0 (compatible; MJ12bot/v1.4.5; http://www.majestic12.co.uk/bot.php?+)"
144.76.62.165 - - [04/May/2015:12:07:42 +0000] "GET /doku.php?id=glossary:set&do=login&sectok=d9382c26b3046bb5e54f422dbb4694a9 HTTP/1.0" 200 5688 "-" "Mozilla/5.0 (compatible; MJ12bot/v1.4.5; http://www.majestic12.co.uk/bot.php?+)"
144.76.62.165 - - [04/May/2015:12:07:46 +0000] "GET /doku.php?id=glossary:set&do=login&sectok=da7d7d230046256640a2a47d52b4b976 HTTP/1.0" 200 5687 "-" "Mozilla/5.0 (compatible; MJ12bot/v1.4.5; http://www.majestic12.co.uk/bot.php?+)"
144.76.62.165 - - [04/May/2015:12:07:49 +0000] "GET /doku.php?id=glossary:set&do=login&sectok=daa99fe2bc355020b90fdea2896437f8 HTTP/1.0" 200 5687 "-" "Mozilla/5.0 (compatible; MJ12bot/v1.4.5; http://www.majestic12.co.uk/bot.php?+)"
144.76.62.165 - - [04/May/2015:12:07:55 +0000] "GET /doku.php?id=glossary:set&do=login&sectok=dabcada9bda01845cadc9baff65bc027 HTTP/1.0" 200 5687 "-" "Mozilla/5.0 (compatible; MJ12bot/v1.4.5; http://www.majestic12.co.uk/bot.php?+)"
87.106.52.169 - - [04/May/2015:12:07:55 +0000] "GET /doku.php?id=wiki%3adokuwiki HTTP/1.1" 200 7158 "http://www.algebraic.ru/" "Mozilla/5.0 (X11; CrOS x86_64 6310.68.0) AppleWebKit/537.36 (KHTML, like Gecko) Chrome/39.0.2171.96 Safari/537.36"
87.106.52.169 - - [04/May/2015:12:07:56 +0000] "GET / HTTP/1.1" 302 5 "http://www.algebraic.ru" "Mozilla/5.0 (X11; CrOS x86_64 6310.68.0) AppleWebKit/537.36 (KHTML, like Gecko) Chrome/39.0.2171.96 Safari/537.36"
87.106.52.169 - - [04/May/2015:12:07:56 +0000] "GET /doku.php HTTP/1.1" 200 6520 "http://www.algebraic.ru" "Mozilla/5.0 (X11; CrOS x86_64 6310.68.0) AppleWebKit/537.36 (KHTML, like Gecko) Chrome/39.0.2171.96 Safari/537.36"
144.76.62.165 - - [04/May/2015:12:07:59 +0000] "GET /doku.php?id=glossary:set&do=login&sectok=e7184c53930ae2df43a279a24ad0508b HTTP/1.0" 200 5688 "-" "Mozilla/5.0 (compatible; MJ12bot/v1.4.5; http://www.majestic12.co.uk/bot.php?+)"
144.76.62.165 - - [04/May/2015:12:08:00 +0000] "GET /doku.php?id=glossary:set&do=login&sectok=e719c85ea1a5f68f3d97657c39c1b56f HTTP/1.0" 200 5687 "-" "Mozilla/5.0 (compatible; MJ12bot/v1.4.5; http://www.majestic12.co.uk/bot.php?+)"
144.76.62.165 - - [04/May/2015:12:08:04 +0000] "GET /doku.php?id=glossary:set&do=login&sectok=e73431b9cce3b19de3afea397acdc18e HTTP/1.0" 200 5688 "-" "Mozilla/5.0 (compatible; MJ12bot/v1.4.5; http://www.majestic12.co.uk/bot.php?+)"
144.76.62.165 - - [04/May/2015:12:08:06 +0000] "GET /doku.php?id=glossary:set&do=login&sectok=e747fa5ee9fea1e6d9056abfe8b97ef6 HTTP/1.0" 200 5688 "-" "Mozilla/5.0 (compatible; MJ12bot/v1.4.5; http://www.majestic12.co.uk/bot.php?+)"
37.151.114.217 - - [04/May/2015:12:08:12 +0000] "GET /doku.php?id=glossary:ring:polynomial HTTP/1.1" 200 11749 "https://www.google.kz/" "Mozilla/5.0 (Windows NT 6.1) AppleWebKit/537.36 (KHTML, like Gecko) Chrome/32.0.1709.113 Amigo/32.0.1709.113 MRCHROME SOC Safari/537.36"
37.151.114.217 - - [04/May/2015:12:08:12 +0000] "GET /lib/tpl/dokubook/images/algebraical-logo.png HTTP/1.1" 200 20563 "http://www.algebraical.info/doku.php?id=glossary:ring:polynomial" "Mozilla/5.0 (Windows NT 6.1) AppleWebKit/537.36 (KHTML, like Gecko) Chrome/32.0.1709.113 Amigo/32.0.1709.113 MRCHROME SOC Safari/537.36"
37.151.114.217 - - [04/May/2015:12:08:12 +0000] "GET /lib/exe/css.php?t=dokubook&tseed=1404756442 HTTP/1.1" 200 15696 "http://www.algebraical.info/doku.php?id=glossary:ring:polynomial" "Mozilla/5.0 (Windows NT 6.1) AppleWebKit/537.36 (KHTML, like Gecko) Chrome/32.0.1709.113 Amigo/32.0.1709.113 MRCHROME SOC Safari/537.36"
37.151.114.217 - - [04/May/2015:12:08:12 +0000] "GET /lib/tpl/dokubook/images/algebraical-transparent.png HTTP/1.1" 200 5970 "http://www.algebraical.info/doku.php?id=glossary:ring:polynomial" "Mozilla/5.0 (Windows NT 6.1) AppleWebKit/537.36 (KHTML, like Gecko) Chrome/32.0.1709.113 Amigo/32.0.1709.113 MRCHROME SOC Safari/537.36"
37.151.114.217 - - [04/May/2015:12:08:13 +0000] "GET /lib/exe/fetch.php?cache=&media=latex%3Aed49645df7e4a35ca640e791af9c8bf0.png HTTP/1.1" 200 228 "http://www.algebraical.info/doku.php?id=glossary:ring:polynomial" "Mozilla/5.0 (Windows NT 6.1) AppleWebKit/537.36 (KHTML, like Gecko) Chrome/32.0.1709.113 Amigo/32.0.1709.113 MRCHROME SOC Safari/537.36"
37.151.114.217 - - [04/May/2015:12:08:13 +0000] "GET /lib/exe/js.php?tseed=1404756442 HTTP/1.1" 200 122328 "http://www.algebraical.info/doku.php?id=glossary:ring:polynomial" "Mozilla/5.0 (Windows NT 6.1) AppleWebKit/537.36 (KHTML, like Gecko) Chrome/32.0.1709.113 Amigo/32.0.1709.113 MRCHROME SOC Safari/537.36"
37.151.114.217 - - [04/May/2015:12:08:13 +0000] "GET /lib/exe/fetch.php?cache=&media=latex%3Afcfe5de80d2e68c3d3df068740586710.png HTTP/1.1" 200 576 "http://www.algebraical.info/doku.php?id=glossary:ring:polynomial" "Mozilla/5.0 (Windows NT 6.1) AppleWebKit/537.36 (KHTML, like Gecko) Chrome/32.0.1709.113 Amigo/32.0.1709.113 MRCHROME SOC Safari/537.36"
37.151.114.217 - - [04/May/2015:12:08:13 +0000] "GET /lib/exe/fetch.php?cache=&media=latex%3A074389e5ba7a961f95c2085d56e1c515.png HTTP/1.1" 200 389 "http://www.algebraical.info/doku.php?id=glossary:ring:polynomial" "Mozilla/5.0 (Windows NT 6.1) AppleWebKit/537.36 (KHTML, like Gecko) Chrome/32.0.1709.113 Amigo/32.0.1709.113 MRCHROME SOC Safari/537.36"
37.151.114.217 - - [04/May/2015:12:08:14 +0000] "GET /lib/exe/fetch.php?cache=&media=latex%3A6b054990b0778e6aee17bbd045ee632d.png HTTP/1.1" 200 1054 "http://www.algebraical.info/doku.php?id=glossary:ring:polynomial" "Mozilla/5.0 (Windows NT 6.1) AppleWebKit/537.36 (KHTML, like Gecko) Chrome/32.0.1709.113 Amigo/32.0.1709.113 MRCHROME SOC Safari/537.36"
37.151.114.217 - - [04/May/2015:12:08:14 +0000] "GET /lib/exe/fetch.php?cache=&media=latex%3A31b311908b15aa441d5fcf896cba3cd9.png HTTP/1.1" 200 746 "http://www.algebraical.info/doku.php?id=glossary:ring:polynomial" "Mozilla/5.0 (Windows NT 6.1) AppleWebKit/537.36 (KHTML, like Gecko) Chrome/32.0.1709.113 Amigo/32.0.1709.113 MRCHROME SOC Safari/537.36"
37.151.114.217 - - [04/May/2015:12:08:14 +0000] "GET /lib/exe/fetch.php?cache=&media=latex%3Aef1a0a0f7dafc88c0db109b50ca53627.png HTTP/1.1" 200 1166 "http://www.algebraical.info/doku.php?id=glossary:ring:polynomial" "Mozilla/5.0 (Windows NT 6.1) AppleWebKit/537.36 (KHTML, like Gecko) Chrome/32.0.1709.113 Amigo/32.0.1709.113 MRCHROME SOC Safari/537.36"
37.151.114.217 - - [04/May/2015:12:08:14 +0000] "GET /lib/exe/fetch.php?cache=&media=latex%3Ae52076f5be081b179a6beb88b1e61fe7.png HTTP/1.1" 200 428 "http://www.algebraical.info/doku.php?id=glossary:ring:polynomial" "Mozilla/5.0 (Windows NT 6.1) AppleWebKit/537.36 (KHTML, like Gecko) Chrome/32.0.1709.113 Amigo/32.0.1709.113 MRCHROME SOC Safari/537.36"
37.151.114.217 - - [04/May/2015:12:08:14 +0000] "GET /lib/exe/fetch.php?cache=&media=latex%3A306c6389de51a0852bc0702bfa9d5259.png HTTP/1.1" 200 611 "http://www.algebraical.info/doku.php?id=glossary:ring:polynomial" "Mozilla/5.0 (Windows NT 6.1) AppleWebKit/537.36 (KHTML, like Gecko) Chrome/32.0.1709.113 Amigo/32.0.1709.113 MRCHROME SOC Safari/537.36"
37.151.114.217 - - [04/May/2015:12:08:15 +0000] "GET /lib/exe/fetch.php?cache=&media=latex%3A6c412efe371c57432c64bf546b4f585c.png HTTP/1.1" 200 465 "http://www.algebraical.info/doku.php?id=glossary:ring:polynomial" "Mozilla/5.0 (Windows NT 6.1) AppleWebKit/537.36 (KHTML, like Gecko) Chrome/32.0.1709.113 Amigo/32.0.1709.113 MRCHROME SOC Safari/537.36"
144.76.62.165 - - [04/May/2015:12:08:15 +0000] "GET /doku.php?id=glossary:set&do=login&sectok=e74f67cc09b0f120b5e8b2d43d50bc70 HTTP/1.0" 200 5688 "-" "Mozilla/5.0 (compatible; MJ12bot/v1.4.5; http://www.majestic12.co.uk/bot.php?+)"
37.151.114.217 - - [04/May/2015:12:08:15 +0000] "GET /lib/exe/fetch.php?cache=&media=latex%3A2eba81fdc022fe6c167bf39077a8130f.png HTTP/1.1" 200 534 "http://www.algebraical.info/doku.php?id=glossary:ring:polynomial" "Mozilla/5.0 (Windows NT 6.1) AppleWebKit/537.36 (KHTML, like Gecko) Chrome/32.0.1709.113 Amigo/32.0.1709.113 MRCHROME SOC Safari/537.36"
37.151.114.217 - - [04/May/2015:12:08:15 +0000] "GET /lib/exe/fetch.php?cache=&media=latex%3A7301d9c1415eb1b8f5b740763dac7a44.png HTTP/1.1" 200 816 "http://www.algebraical.info/doku.php?id=glossary:ring:polynomial" "Mozilla/5.0 (Windows NT 6.1) AppleWebKit/537.36 (KHTML, like Gecko) Chrome/32.0.1709.113 Amigo/32.0.1709.113 MRCHROME SOC Safari/537.36"
37.151.114.217 - - [04/May/2015:12:08:15 +0000] "GET /lib/exe/fetch.php?cache=&media=latex%3A786d77a9c4a1b6da0ff1e115a7ce611c.png HTTP/1.1" 200 733 "http://www.algebraical.info/doku.php?id=glossary:ring:polynomial" "Mozilla/5.0 (Windows NT 6.1) AppleWebKit/537.36 (KHTML, like Gecko) Chrome/32.0.1709.113 Amigo/32.0.1709.113 MRCHROME SOC Safari/537.36"
37.151.114.217 - - [04/May/2015:12:08:15 +0000] "GET /lib/exe/fetch.php?cache=&media=latex%3Ac1a1b03d79e2ff9d9fa4633307d63c78.png HTTP/1.1" 200 680 "http://www.algebraical.info/doku.php?id=glossary:ring:polynomial" "Mozilla/5.0 (Windows NT 6.1) AppleWebKit/537.36 (KHTML, like Gecko) Chrome/32.0.1709.113 Amigo/32.0.1709.113 MRCHROME SOC Safari/537.36"
37.151.114.217 - - [04/May/2015:12:08:15 +0000] "GET /lib/exe/fetch.php?cache=&media=latex%3Ab2968cd02138f48fac18db4d29f89364.png HTTP/1.1" 200 352 "http://www.algebraical.info/doku.php?id=glossary:ring:polynomial" "Mozilla/5.0 (Windows NT 6.1) AppleWebKit/537.36 (KHTML, like Gecko) Chrome/32.0.1709.113 Amigo/32.0.1709.113 MRCHROME SOC Safari/537.36"
37.151.114.217 - - [04/May/2015:12:08:16 +0000] "GET /lib/exe/fetch.php?cache=&media=latex%3Af83464bce1a1684a3f8e6787d408582b.png HTTP/1.1" 200 254 "http://www.algebraical.info/doku.php?id=glossary:ring:polynomial" "Mozilla/5.0 (Windows NT 6.1) AppleWebKit/537.36 (KHTML, like Gecko) Chrome/32.0.1709.113 Amigo/32.0.1709.113 MRCHROME SOC Safari/537.36"
37.151.114.217 - - [04/May/2015:12:08:16 +0000] "GET /lib/exe/fetch.php?cache=&media=latex%3Afe95d4a04786a7dc6062915c79092e3a.png HTTP/1.1" 200 966 "http://www.algebraical.info/doku.php?id=glossary:ring:polynomial" "Mozilla/5.0 (Windows NT 6.1) AppleWebKit/537.36 (KHTML, like Gecko) Chrome/32.0.1709.113 Amigo/32.0.1709.113 MRCHROME SOC Safari/537.36"
37.151.114.217 - - [04/May/2015:12:08:16 +0000] "GET /lib/exe/fetch.php?cache=&media=latex%3A24797856dfce91bf0956fab3896fd3c9.png HTTP/1.1" 200 222 "http://www.algebraical.info/doku.php?id=glossary:ring:polynomial" "Mozilla/5.0 (Windows NT 6.1) AppleWebKit/537.36 (KHTML, like Gecko) Chrome/32.0.1709.113 Amigo/32.0.1709.113 MRCHROME SOC Safari/537.36"
37.151.114.217 - - [04/May/2015:12:08:16 +0000] "GET /lib/exe/fetch.php?cache=&media=latex%3A00af03cc46ec860071c23e9fe176d829.png HTTP/1.1" 200 349 "http://www.algebraical.info/doku.php?id=glossary:ring:polynomial" "Mozilla/5.0 (Windows NT 6.1) AppleWebKit/537.36 (KHTML, like Gecko) Chrome/32.0.1709.113 Amigo/32.0.1709.113 MRCHROME SOC Safari/537.36"
37.151.114.217 - - [04/May/2015:12:08:16 +0000] "GET /lib/exe/fetch.php?cache=&media=latex%3A463c23858f9e7fd6ae58d6a40acec5c0.png HTTP/1.1" 200 1089 "http://www.algebraical.info/doku.php?id=glossary:ring:polynomial" "Mozilla/5.0 (Windows NT 6.1) AppleWebKit/537.36 (KHTML, like Gecko) Chrome/32.0.1709.113 Amigo/32.0.1709.113 MRCHROME SOC Safari/537.36"
37.151.114.217 - - [04/May/2015:12:08:16 +0000] "GET /lib/exe/fetch.php?cache=&media=latex%3A373509cc65b34b980ff7676302107e96.png HTTP/1.1" 200 204 "http://www.algebraical.info/doku.php?id=glossary:ring:polynomial" "Mozilla/5.0 (Windows NT 6.1) AppleWebKit/537.36 (KHTML, like Gecko) Chrome/32.0.1709.113 Amigo/32.0.1709.113 MRCHROME SOC Safari/537.36"
37.151.114.217 - - [04/May/2015:12:08:17 +0000] "GET /lib/exe/fetch.php?cache=&media=latex%3Ad674d92e9ade4d8845d77593999a2530.png HTTP/1.1" 200 420 "http://www.algebraical.info/doku.php?id=glossary:ring:polynomial" "Mozilla/5.0 (Windows NT 6.1) AppleWebKit/537.36 (KHTML, like Gecko) Chrome/32.0.1709.113 Amigo/32.0.1709.113 MRCHROME SOC Safari/537.36"
37.151.114.217 - - [04/May/2015:12:08:17 +0000] "GET /lib/exe/fetch.php?cache=&media=latex%3Ad244deb1bb7fc0e8cd10d69be5bd2f24.png HTTP/1.1" 200 249 "http://www.algebraical.info/doku.php?id=glossary:ring:polynomial" "Mozilla/5.0 (Windows NT 6.1) AppleWebKit/537.36 (KHTML, like Gecko) Chrome/32.0.1709.113 Amigo/32.0.1709.113 MRCHROME SOC Safari/537.36"
37.151.114.217 - - [04/May/2015:12:08:17 +0000] "GET /lib/exe/fetch.php?cache=&media=latex%3A6759f468b6dec430cdc6f10261bcbe4f.png HTTP/1.1" 200 410 "http://www.algebraical.info/doku.php?id=glossary:ring:polynomial" "Mozilla/5.0 (Windows NT 6.1) AppleWebKit/537.36 (KHTML, like Gecko) Chrome/32.0.1709.113 Amigo/32.0.1709.113 MRCHROME SOC Safari/537.36"
37.151.114.217 - - [04/May/2015:12:08:17 +0000] "GET /lib/exe/fetch.php?cache=&media=latex%3Ae1e8bec1f2dc154f8b1d0be5085a8d8a.png HTTP/1.1" 200 280 "http://www.algebraical.info/doku.php?id=glossary:ring:polynomial" "Mozilla/5.0 (Windows NT 6.1) AppleWebKit/537.36 (KHTML, like Gecko) Chrome/32.0.1709.113 Amigo/32.0.1709.113 MRCHROME SOC Safari/537.36"
37.151.114.217 - - [04/May/2015:12:08:17 +0000] "GET /lib/exe/fetch.php?cache=&media=latex%3A86e0188570c222534673ee4f9f790494.png HTTP/1.1" 200 527 "http://www.algebraical.info/doku.php?id=glossary:ring:polynomial" "Mozilla/5.0 (Windows NT 6.1) AppleWebKit/537.36 (KHTML, like Gecko) Chrome/32.0.1709.113 Amigo/32.0.1709.113 MRCHROME SOC Safari/537.36"
37.151.114.217 - - [04/May/2015:12:08:17 +0000] "GET /lib/exe/fetch.php?cache=&media=latex%3Ab7b7a8c7dcd9e537cd4f6a2dff622859.png HTTP/1.1" 200 1002 "http://www.algebraical.info/doku.php?id=glossary:ring:polynomial" "Mozilla/5.0 (Windows NT 6.1) AppleWebKit/537.36 (KHTML, like Gecko) Chrome/32.0.1709.113 Amigo/32.0.1709.113 MRCHROME SOC Safari/537.36"
37.151.114.217 - - [04/May/2015:12:08:17 +0000] "GET /lib/exe/fetch.php?cache=&media=latex%3Ad6cdccf249e48e8003eac0644488d6d4.png HTTP/1.1" 200 808 "http://www.algebraical.info/doku.php?id=glossary:ring:polynomial" "Mozilla/5.0 (Windows NT 6.1) AppleWebKit/537.36 (KHTML, like Gecko) Chrome/32.0.1709.113 Amigo/32.0.1709.113 MRCHROME SOC Safari/537.36"
37.151.114.217 - - [04/May/2015:12:08:18 +0000] "GET /lib/exe/fetch.php?cache=&media=latex%3Adb42aee580d97262a34117e21e92a908.png HTTP/1.1" 200 742 "http://www.algebraical.info/doku.php?id=glossary:ring:polynomial" "Mozilla/5.0 (Windows NT 6.1) AppleWebKit/537.36 (KHTML, like Gecko) Chrome/32.0.1709.113 Amigo/32.0.1709.113 MRCHROME SOC Safari/537.36"
37.151.114.217 - - [04/May/2015:12:08:18 +0000] "GET /lib/exe/fetch.php?cache=&media=latex%3A6a9681bf3702b3159ec5a6d43957606d.png HTTP/1.1" 200 388 "http://www.algebraical.info/doku.php?id=glossary:ring:polynomial" "Mozilla/5.0 (Windows NT 6.1) AppleWebKit/537.36 (KHTML, like Gecko) Chrome/32.0.1709.113 Amigo/32.0.1709.113 MRCHROME SOC Safari/537.36"
37.151.114.217 - - [04/May/2015:12:08:18 +0000] "GET /lib/exe/fetch.php?cache=&media=latex%3Aa816284698fb9e7337bead1340309cfa.png HTTP/1.1" 200 504 "http://www.algebraical.info/doku.php?id=glossary:ring:polynomial" "Mozilla/5.0 (Windows NT 6.1) AppleWebKit/537.36 (KHTML, like Gecko) Chrome/32.0.1709.113 Amigo/32.0.1709.113 MRCHROME SOC Safari/537.36"
37.151.114.217 - - [04/May/2015:12:08:18 +0000] "GET /lib/exe/fetch.php?cache=&media=latex%3A2806168f6f8c124454c4736bf97230c6.png HTTP/1.1" 200 504 "http://www.algebraical.info/doku.php?id=glossary:ring:polynomial" "Mozilla/5.0 (Windows NT 6.1) AppleWebKit/537.36 (KHTML, like Gecko) Chrome/32.0.1709.113 Amigo/32.0.1709.113 MRCHROME SOC Safari/537.36"
144.76.62.165 - - [04/May/2015:12:08:18 +0000] "GET /doku.php?id=glossary:set&do=login&sectok=e752730b063c3eadddd22a93e4ba40a5 HTTP/1.0" 200 5690 "-" "Mozilla/5.0 (compatible; MJ12bot/v1.4.5; http://www.majestic12.co.uk/bot.php?+)"
37.151.114.217 - - [04/May/2015:12:08:18 +0000] "GET /lib/exe/fetch.php?cache=&media=latex%3A49120cbc13be2fb30cc1ec659432b1cf.png HTTP/1.1" 200 940 "http://www.algebraical.info/doku.php?id=glossary:ring:polynomial" "Mozilla/5.0 (Windows NT 6.1) AppleWebKit/537.36 (KHTML, like Gecko) Chrome/32.0.1709.113 Amigo/32.0.1709.113 MRCHROME SOC Safari/537.36"
